Archive member included to satisfy reference by file (symbol)

C:/Program Files/SEGGER/SEGGER Embedded Studio 8.26b/lib/libc_v7em_t_le_eabi_balanced.a(intasmops_arm.o)
                              Output/Release/Obj/ble_app_uart_pca10040e_s112/bsp.o (__aeabi_uldivmod)
C:/Program Files/SEGGER/SEGGER Embedded Studio 8.26b/lib/libc_v7em_t_le_eabi_balanced.a(__SEGGER_RTL_vfprintf_long.o)
                              (__SEGGER_RTL_vfprintf_long)
C:/Program Files/SEGGER/SEGGER Embedded Studio 8.26b/lib/libc_v7em_t_le_eabi_balanced.a(__SEGGER_RTL_vfscanf_long.o)
                              (__SEGGER_RTL_vfscanf_long)
C:/Program Files/SEGGER/SEGGER Embedded Studio 8.26b/lib/libc_v7em_t_le_eabi_balanced.a(utilops.o)
                              C:/Program Files/SEGGER/SEGGER Embedded Studio 8.26b/lib/libc_v7em_t_le_eabi_balanced.a(__SEGGER_RTL_vfscanf_long.o) (__SEGGER_RTL_digit)
C:/Program Files/SEGGER/SEGGER Embedded Studio 8.26b/lib/libc_v7em_t_le_eabi_balanced.a(floatasmops_arm.o)
                              C:/Program Files/SEGGER/SEGGER Embedded Studio 8.26b/lib/libc_v7em_t_le_eabi_balanced.a(utilops.o) (__aeabi_fmul)
C:/Program Files/SEGGER/SEGGER Embedded Studio 8.26b/lib/libc_v7em_t_le_eabi_balanced.a(prinops.o)
                              C:/Program Files/SEGGER/SEGGER Embedded Studio 8.26b/lib/libc_v7em_t_le_eabi_balanced.a(__SEGGER_RTL_vfprintf_long.o) (__SEGGER_RTL_putc)
C:/Program Files/SEGGER/SEGGER Embedded Studio 8.26b/lib/libc_v7em_t_le_eabi_balanced.a(fileops.o)
                              C:/Program Files/SEGGER/SEGGER Embedded Studio 8.26b/lib/libc_v7em_t_le_eabi_balanced.a(prinops.o) (fwrite)
C:/Program Files/SEGGER/SEGGER Embedded Studio 8.26b/lib/libc_v7em_t_le_eabi_balanced.a(errno.o)
                              C:/Program Files/SEGGER/SEGGER Embedded Studio 8.26b/lib/libc_v7em_t_le_eabi_balanced.a(fileops.o) (__aeabi_errno_addr)
C:/Program Files/SEGGER/SEGGER Embedded Studio 8.26b/lib/heapops_basic_v7em_t_le_eabi_balanced.a(heapops_basic.o)
                              Output/Release/Obj/ble_app_uart_pca10040e_s112/thumb_crt0.o (__SEGGER_RTL_init_heap)
C:/Program Files/SEGGER/SEGGER Embedded Studio 8.26b/lib/heapops_disable_interrupts_locking_v7em_t_le_eabi_balanced.a(heapops.o)
                              C:/Program Files/SEGGER/SEGGER Embedded Studio 8.26b/lib/libc_v7em_t_le_eabi_balanced.a(prinops.o) (free)
C:/Program Files/SEGGER/SEGGER Embedded Studio 8.26b/lib/strops_unaligned_v7em_t_le_eabi_balanced.a(strops.o)
                              Output/Release/Obj/ble_app_uart_pca10040e_s112/ble_advdata.o (memcmp)
C:/Program Files/SEGGER/SEGGER Embedded Studio 8.26b/lib/strops_unaligned_v7em_t_le_eabi_balanced.a(strasmops_arm.o)
                              C:/Program Files/SEGGER/SEGGER Embedded Studio 8.26b/lib/strops_unaligned_v7em_t_le_eabi_balanced.a(strops.o) (strcmp)
C:/Program Files/SEGGER/SEGGER Embedded Studio 8.26b/lib/mbops_timeops_v7em_t_le_eabi_balanced.a(mbops.o)
                              C:/Program Files/SEGGER/SEGGER Embedded Studio 8.26b/lib/libc_v7em_t_le_eabi_balanced.a(prinops.o) (__SEGGER_RTL_current_locale)
C:/Program Files/SEGGER/SEGGER Embedded Studio 8.26b/lib/mbops_timeops_v7em_t_le_eabi_balanced.a(timeops.o)
                              C:/Program Files/SEGGER/SEGGER Embedded Studio 8.26b/lib/mbops_timeops_v7em_t_le_eabi_balanced.a(mbops.o) (__SEGGER_RTL_string_list_encode)
C:/Program Files/SEGGER/SEGGER Embedded Studio 8.26b/lib/libc_v7em_t_le_eabi_balanced.a(__user_thread_library.o)
                              C:/Program Files/SEGGER/SEGGER Embedded Studio 8.26b/lib/mbops_timeops_v7em_t_le_eabi_balanced.a(timeops.o) (__user_clock_realtime)
C:/Program Files/SEGGER/SEGGER Embedded Studio 8.26b/lib/libc_v7em_t_le_eabi_balanced.a(convops.o)
                              C:/Program Files/SEGGER/SEGGER Embedded Studio 8.26b/lib/mbops_timeops_v7em_t_le_eabi_balanced.a(mbops.o) (strtoll)
C:/Program Files/SEGGER/SEGGER Embedded Studio 8.26b/lib/libc_v7em_t_le_eabi_balanced.a(execops.o)
                              C:/Program Files/SEGGER/SEGGER Embedded Studio 8.26b/lib/strops_unaligned_v7em_t_le_eabi_balanced.a(strops.o) (__SEGGER_RTL_constraint_violation)
C:/Program Files/SEGGER/SEGGER Embedded Studio 8.26b/lib/libc_v7em_t_le_eabi_balanced.a(execops_arm.o)
                              C:/Program Files/SEGGER/SEGGER Embedded Studio 8.26b/lib/libc_v7em_t_le_eabi_balanced.a(execops.o) (__aeabi_SIGABRT)
C:/Program Files/SEGGER/SEGGER Embedded Studio 8.26b/lib/libc_v7em_t_le_eabi_balanced.a(floatops.o)
                              C:/Program Files/SEGGER/SEGGER Embedded Studio 8.26b/lib/libc_v7em_t_le_eabi_balanced.a(convops.o) (__SEGGER_RTL_float32_isinf)
C:/Program Files/SEGGER/SEGGER Embedded Studio 8.26b/lib/libc_v7em_t_le_eabi_balanced.a(intops.o)
                              C:/Program Files/SEGGER/SEGGER Embedded Studio 8.26b/lib/mbops_timeops_v7em_t_le_eabi_balanced.a(timeops.o) (div)
[...]
Memory Configuration

Name             Origin             Length             Attributes
UNPLACED_SECTIONS 0x00000000         0x00000000         xw
RAM1             0x20000000         0x00006000         xw
FLASH1           0x00000000         0x00030000         xw
*default*        0x00000000         0xffffffff

Linker script and memory map

                0x20000000                        __RAM1_segment_start__ = 0x20000000
                0x20006000                        __RAM1_segment_end__ = 0x20006000
                0x00006000                        __RAM1_segment_size__ = 0x6000
                0x00000000                        __FLASH1_segment_start__ = 0x0
                0x00030000                        __FLASH1_segment_end__ = 0x30000
                0x00030000                        __FLASH1_segment_size__ = 0x30000
                0x00000800                        __HEAPSIZE__ = 0x800
                0x00000000                        __SEGGER_RTL_vfprintf = __SEGGER_RTL_vfprintf_long
                0x00000000                        __SEGGER_RTL_vfscanf = __SEGGER_RTL_vfscanf_long
                0x00000000                        __STACKSIZE_PROCESS__ = 0x0
                0x00000800                        __STACKSIZE__ = 0x800
                0x20000000                        __reserved_ram_load_start__ = 0x20000000

.reserved_ram   0x20000000     0x22c8
                0x20000000                        __reserved_ram_start__ = .
 *(.reserved_ram .reserved_ram.*)
                0x200022c8                        . = MAX (((__reserved_ram_start__ + 0x200022c8) - 0x20000000), .)
 *fill*         0x20000000     0x22c8 
                0x200022c8                        __reserved_ram_end__ = (__reserved_ram_start__ + SIZEOF (.reserved_ram))
                0x000022c8                        __reserved_ram_size__ = SIZEOF (.reserved_ram)
                0x200022c8                        __reserved_ram_load_end__ = __reserved_ram_end__
                0x00000001                        . = ASSERT (((__reserved_ram_start__ == __reserved_ram_end__) || ((__reserved_ram_end__ - __RAM1_segment_start__) <= __RAM1_segment_size__)), error: .reserved_ram is too large to fit in RAM1 memory segment)
                0x00000001                        . = ASSERT ((__reserved_ram_size__ <= 0x22c8), error: .reserved_ram section is larger than specified size)
                0x200022c8                        __vectors_ram_load_start__ = 0x200022c8

.vectors_ram    0x200022c8        0x0
                0x200022c8                        __vectors_ram_start__ = .
                0x200022c8                        __app_ram_start__ = __vectors_ram_start__
 *(.vectors_ram .vectors_ram.*)
                0x200022c8                        __vectors_ram_end__ = (__vectors_ram_start__ + SIZEOF (.vectors_ram))
                0x00000000                        __vectors_ram_size__ = SIZEOF (.vectors_ram)
                0x200022c8                        __vectors_ram_load_end__ = __vectors_ram_end__
                0x00000001                        . = ASSERT (((__vectors_ram_start__ == __vectors_ram_end__) || ((__vectors_ram_end__ - __RAM1_segment_start__) <= __RAM1_segment_size__)), error: .vectors_ram is too large to fit in RAM1 memory segment)
                0x00000001                        . = ASSERT ((__reserved_ram_end__ <= __vectors_ram_start__), error: section .reserved_ram overlaps absolute placed section .vectors_ram)
                0x200022c8                        __nrf_sections_run_load_start__ = ALIGN (__vectors_ram_end__, 0x4)

.nrf_sections_run
                0x200022c8        0x0
                0x200022c8                        __nrf_sections_run_start__ = .
                0x200022c8                        __start_nrf_sections_run = __nrf_sections_run_start__
 *(.nrf_sections_run .nrf_sections_run.*)
                0x200022c8                        __nrf_sections_run_end__ = (__nrf_sections_run_start__ + SIZEOF (.nrf_sections_run))
                0x00000000                        __nrf_sections_run_size__ = SIZEOF (.nrf_sections_run)
                0x200022c8                        __nrf_sections_run_load_end__ = __nrf_sections_run_end__
                0x00000001                        . = ASSERT (((__nrf_sections_run_start__ == __nrf_sections_run_end__) || ((__nrf_sections_run_end__ - __RAM1_segment_start__) <= __RAM1_segment_size__)), error: .nrf_sections_run is too large to fit in RAM1 memory segment)
                0x00000000                        __reserved_flash_load_start__ = 0x0

.reserved_flash
                0x00000000    0x19000
                0x00000000                        __reserved_flash_start__ = .
 *(.reserved_flash .reserved_flash.*)
                0x00019000                        . = MAX (((__reserved_flash_start__ + 0x19000) - 0x0), .)
 *fill*         0x00000000    0x19000 
                0x00019000                        __reserved_flash_end__ = (__reserved_flash_start__ + SIZEOF (.reserved_flash))
                0x00019000                        __reserved_flash_size__ = SIZEOF (.reserved_flash)
                0x00019000                        __reserved_flash_load_end__ = __reserved_flash_end__
                0x00000001                        . = ASSERT (((__reserved_flash_start__ == __reserved_flash_end__) || ((__reserved_flash_end__ - __FLASH1_segment_start__) <= __FLASH1_segment_size__)), error: .reserved_flash is too large to fit in FLASH1 memory segment)
                0x00000001                        . = ASSERT ((__reserved_flash_size__ <= 0x19000), error: .reserved_flash section is larger than specified size)
                0x00019000                        __vectors_load_start__ = 0x19000

.vectors        0x00019000      0x200
                0x00019000                        __vectors_start__ = .
 *(.vectors .vectors.*)
 .vectors       0x00019000      0x200 Output/Release/Obj/ble_app_uart_pca10040e_s112/ses_startup_nrf52810.o
                0x00019000                _vectors
                0x00019200                        __vectors_end__ = (__vectors_start__ + SIZEOF (.vectors))
                0x00000200                        __vectors_size__ = SIZEOF (.vectors)
                0x00019200                        __vectors_load_end__ = __vectors_end__
                0x00000001                        . = ASSERT (((__vectors_start__ == __vectors_end__) || ((__vectors_end__ - __FLASH1_segment_start__) <= __FLASH1_segment_size__)), error: .vectors is too large to fit in FLASH1 memory segment)
                0x00000001                        . = ASSERT ((__reserved_flash_end__ <= __vectors_start__), error: section .reserved_flash overlaps absolute placed section .vectors)
                0x00019200                        __init_load_start__ = ALIGN (__vectors_end__, 0x4)

.init           0x00019200      0x1fc
                0x00019200                        __init_start__ = .
 *(.init .init.*)
 .init          0x00019200      0x16c Output/Release/Obj/ble_app_uart_pca10040e_s112/thumb_crt0.o
                0x00019200                _start
                0x000192a8                exit
                0x000192a8                _Exit
 .init          0x0001936c       0x48 Output/Release/Obj/ble_app_uart_pca10040e_s112/ses_startup_nrf52810.o
                0x0001936c                NMI_Handler
                0x0001936e                HardFault_Handler
                0x00019370                MemoryManagement_Handler
                0x00019372                BusFault_Handler
                0x00019374                UsageFault_Handler
                0x00019376                SVC_Handler
                0x00019378                DebugMon_Handler
                0x0001937a                PendSV_Handler
                0x0001937c                SysTick_Handler
                0x0001937e                SWI0_EGU0_IRQHandler
                0x0001937e                SWI4_IRQHandler
                0x0001937e                TEMP_IRQHandler
                0x0001937e                RTC0_IRQHandler
                0x0001937e                PDM_IRQHandler
                0x0001937e                RADIO_IRQHandler
                0x0001937e                SWI5_IRQHandler
                0x0001937e                TIMER0_IRQHandler
                0x0001937e                Dummy_Handler
                0x0001937e                TIMER1_IRQHandler
                0x0001937e                ECB_IRQHandler
                0x0001937e                SWI3_IRQHandler
                0x0001937e                SPIM0_SPIS0_SPI0_IRQHandler
                0x0001937e                SAADC_IRQHandler
                0x0001937e                CCM_AAR_IRQHandler
                0x0001937e                WDT_IRQHandler
                0x0001937e                QDEC_IRQHandler
                0x0001937e                RNG_IRQHandler
                0x0001937e                COMP_IRQHandler
                0x0001937e                PWM0_IRQHandler
                0x0001937e                SWI1_EGU1_IRQHandler
                0x0001937e                TWIM0_TWIS0_TWI0_IRQHandler
                0x0001937e                TIMER2_IRQHandler
                0x00019380                nRFInitialize
 .init          0x000193b4       0x48 Output/Release/Obj/ble_app_uart_pca10040e_s112/ses_startup_nrf_common.o
                0x000193b4                Reset_Handler
                0x000193b8                afterInitialize
                0x000193ca                InitializeUserMemorySections
                0x000193fc                        __init_end__ = (__init_start__ + SIZEOF (.init))
                0x000001fc                        __init_size__ = SIZEOF (.init)
                0x000193fc                        __init_load_end__ = __init_end__
                0x00000001                        . = ASSERT (((__init_start__ == __init_end__) || ((__init_end__ - __FLASH1_segment_start__) <= __FLASH1_segment_size__)), error: .init is too large to fit in FLASH1 memory segment)
                0x000193fc                        __init_rodata_load_start__ = ALIGN (__init_end__, 0x4)

.init_rodata    0x000193fc        0x0
                0x000193fc                        __init_rodata_start__ = .
 *(.init_rodata .init_rodata.*)
                0x000193fc                        __init_rodata_end__ = (__init_rodata_start__ + SIZEOF (.init_rodata))
                0x00000000                        __init_rodata_size__ = SIZEOF (.init_rodata)
                0x000193fc                        __init_rodata_load_end__ = __init_rodata_end__
                0x00000001                        . = ASSERT (((__init_rodata_start__ == __init_rodata_end__) || ((__init_rodata_end__ - __FLASH1_segment_start__) <= __FLASH1_segment_size__)), error: .init_rodata is too large to fit in FLASH1 memory segment)
                0x000193fc                        __text_load_start__ = ALIGN (__init_rodata_end__, 0x4)

.text           0x000193fc     0x5bb8
                0x000193fc                        __text_start__ = .
 *(.text .text.* .gnu.linkonce.t.* .glue_7t .glue_7 .gcc_except_table .ARM.extab* .gnu.linkonce.armextab.*)
 .glue_7        0x000193fc        0x0 linker stubs
 .glue_7t       0x000193fc        0x0 linker stubs
 .text.__aeabi_read_tp
                0x000193fc        0x8 Output/Release/Obj/ble_app_uart_pca10040e_s112/thumb_crt0.o
                0x000193fc                __aeabi_read_tp
 .text.nrf_log_backend_rtt_flush
                0x00019404        0x2 Output/Release/Obj/ble_app_uart_pca10040e_s112/nrf_log_backend_rtt.o
 *fill*         0x00019406        0x2 
 .text.nrf_log_backend_rtt_put
                0x00019408       0x1c Output/Release/Obj/ble_app_uart_pca10040e_s112/nrf_log_backend_rtt.o
 .text.serial_tx
                0x00019424       0x54 Output/Release/Obj/ble_app_uart_pca10040e_s112/nrf_log_backend_rtt.o
 .text.nrf_log_backend_rtt_panic_set
                0x00019478        0x2 Output/Release/Obj/ble_app_uart_pca10040e_s112/nrf_log_backend_rtt.o
 .text.nrf_log_backend_rtt_init
                0x0001947a        0x4 Output/Release/Obj/ble_app_uart_pca10040e_s112/nrf_log_backend_rtt.o
                0x0001947a                nrf_log_backend_rtt_init
 .text.nrf_log_backend_serial_put
                0x0001947e       0xc2 Output/Release/Obj/ble_app_uart_pca10040e_s112/nrf_log_backend_serial.o
                0x0001947e                nrf_log_backend_serial_put
 .text.nrf_log_default_backends_init
                0x00019540       0x20 Output/Release/Obj/ble_app_uart_pca10040e_s112/nrf_log_default_backends.o
                0x00019540                nrf_log_default_backends_init
 .text.invalid_packets_omit
                0x00019560       0x38 Output/Release/Obj/ble_app_uart_pca10040e_s112/nrf_log_frontend.o
 .text.buf_prealloc.isra.0
                0x00019598      0x114 Output/Release/Obj/ble_app_uart_pca10040e_s112/nrf_log_frontend.o
 .text.nrf_log_init
                0x000196ac       0x28 Output/Release/Obj/ble_app_uart_pca10040e_s112/nrf_log_frontend.o
                0x000196ac                nrf_log_init
 .text.nrf_log_module_name_get
                0x000196d4       0x38 Output/Release/Obj/ble_app_uart_pca10040e_s112/nrf_log_frontend.o
                0x000196d4                nrf_log_module_name_get
 .text.nrf_log_color_id_get
                0x0001970c       0x2c Output/Release/Obj/ble_app_uart_pca10040e_s112/nrf_log_frontend.o
                0x0001970c                nrf_log_color_id_get
 .text.log_pending_hook
                0x00019738        0x2 Output/Release/Obj/ble_app_uart_pca10040e_s112/nrf_log_frontend.o
                0x00019738                log_pending_hook
 *fill*         0x0001973a        0x2 
 .text.buffer_is_empty
                0x0001973c       0x14 Output/Release/Obj/ble_app_uart_pca10040e_s112/nrf_log_frontend.o
                0x0001973c                buffer_is_empty
 .text.nrf_log_frontend_dequeue
                0x00019750      0x1f8 Output/Release/Obj/ble_app_uart_pca10040e_s112/nrf_log_frontend.o
                0x00019750                nrf_log_frontend_dequeue
 .text.std_n    0x00019948       0x90 Output/Release/Obj/ble_app_uart_pca10040e_s112/nrf_log_frontend.o
 .text.nrf_log_frontend_std_0
                0x000199d8        0x8 Output/Release/Obj/ble_app_uart_pca10040e_s112/nrf_log_frontend.o
                0x000199d8                nrf_log_frontend_std_0
 .text.nrf_log_frontend_std_1
                0x000199e0       0x12 Output/Release/Obj/ble_app_uart_pca10040e_s112/nrf_log_frontend.o
                0x000199e0                nrf_log_frontend_std_1
 .text.nrf_log_frontend_std_2
                0x000199f2       0x14 Output/Release/Obj/ble_app_uart_pca10040e_s112/nrf_log_frontend.o
                0x000199f2                nrf_log_frontend_std_2
 *fill*         0x00019a06        0x2 
 .text.nrf_log_backend_add
                0x00019a08       0x44 Output/Release/Obj/ble_app_uart_pca10040e_s112/nrf_log_frontend.o
                0x00019a08                nrf_log_backend_add
 .text.nrf_log_panic
                0x00019a4c       0x28 Output/Release/Obj/ble_app_uart_pca10040e_s112/nrf_log_frontend.o
                0x00019a4c                nrf_log_panic
 .text.postfix_process
                0x00019a74       0x3c Output/Release/Obj/ble_app_uart_pca10040e_s112/nrf_log_str_formatter.o
 .text.prefix_process.constprop.0
                0x00019ab0       0x78 Output/Release/Obj/ble_app_uart_pca10040e_s112/nrf_log_str_formatter.o
 .text.nrf_log_std_entry_process
                0x00019b28       0xc8 Output/Release/Obj/ble_app_uart_pca10040e_s112/nrf_log_str_formatter.o
                0x00019b28                nrf_log_std_entry_process
 .text.nrf_log_hexdump_entry_process
                0x00019bf0       0xac Output/Release/Obj/ble_app_uart_pca10040e_s112/nrf_log_str_formatter.o
                0x00019bf0                nrf_log_hexdump_entry_process
 .text.state_set
                0x00019c9c       0x24 Output/Release/Obj/ble_app_uart_pca10040e_s112/app_button.o
 .text.button_get
                0x00019cc0       0x30 Output/Release/Obj/ble_app_uart_pca10040e_s112/app_button.o
 .text.usr_event
                0x00019cf0       0x1c Output/Release/Obj/ble_app_uart_pca10040e_s112/app_button.o
 .text.timer_start
                0x00019d0c       0x18 Output/Release/Obj/ble_app_uart_pca10040e_s112/app_button.o
 .text.gpiote_event_handler
                0x00019d24       0x34 Output/Release/Obj/ble_app_uart_pca10040e_s112/app_button.o
 .text.evt_handle
                0x00019d58       0xec Output/Release/Obj/ble_app_uart_pca10040e_s112/app_button.o
                0x00019d58                evt_handle
 .text.detection_delay_timeout_handler
                0x00019e44       0x5c Output/Release/Obj/ble_app_uart_pca10040e_s112/app_button.o
 .text.app_button_init
                0x00019ea0       0xac Output/Release/Obj/ble_app_uart_pca10040e_s112/app_button.o
                0x00019ea0                app_button_init
 .text.app_button_enable
                0x00019f4c       0x2c Output/Release/Obj/ble_app_uart_pca10040e_s112/app_button.o
                0x00019f4c                app_button_enable
 .text.app_error_handler_bare
                0x00019f78       0x1a Output/Release/Obj/ble_app_uart_pca10040e_s112/app_error.o
                0x00019f78                app_error_handler_bare
 *fill*         0x00019f92        0x2 
 .text.app_error_fault_handler
                0x00019f94       0x6c Output/Release/Obj/ble_app_uart_pca10040e_s112/app_error_weak.o
                0x00019f94                app_error_fault_handler
 .text.app_fifo_init
                0x0001a000       0x22 Output/Release/Obj/ble_app_uart_pca10040e_s112/app_fifo.o
                0x0001a000                app_fifo_init
 .text.app_fifo_put
                0x0001a022       0x24 Output/Release/Obj/ble_app_uart_pca10040e_s112/app_fifo.o
                0x0001a022                app_fifo_put
 .text.app_fifo_get
                0x0001a046       0x22 Output/Release/Obj/ble_app_uart_pca10040e_s112/app_fifo.o
                0x0001a046                app_fifo_get
 .text.compare_func
                0x0001a068       0x16 Output/Release/Obj/ble_app_uart_pca10040e_s112/app_timer2.o
 *fill*         0x0001a07e        0x2 
 .text.get_now  0x0001a080       0x38 Output/Release/Obj/ble_app_uart_pca10040e_s112/app_timer2.o
 .text.timer_expire
                0x0001a0b8       0xb0 Output/Release/Obj/ble_app_uart_pca10040e_s112/app_timer2.o
 .text.timer_req_schedule
                0x0001a168       0x38 Output/Release/Obj/ble_app_uart_pca10040e_s112/app_timer2.o
 .text.app_timer_init
                0x0001a1a0       0x64 Output/Release/Obj/ble_app_uart_pca10040e_s112/app_timer2.o
                0x0001a1a0                app_timer_init
 .text.app_timer_create
                0x0001a204       0x24 Output/Release/Obj/ble_app_uart_pca10040e_s112/app_timer2.o
                0x0001a204                app_timer_create
 .text.app_timer_start
                0x0001a228       0x5c Output/Release/Obj/ble_app_uart_pca10040e_s112/app_timer2.o
                0x0001a228                app_timer_start
 .text.app_timer_stop
                0x0001a284       0x4e Output/Release/Obj/ble_app_uart_pca10040e_s112/app_timer2.o
                0x0001a284                app_timer_stop
 *fill*         0x0001a2d2        0x2 
 .text.app_timer_cnt_get
                0x0001a2d4        0xc Output/Release/Obj/ble_app_uart_pca10040e_s112/app_timer2.o
                0x0001a2d4                app_timer_cnt_get
 .text.rtc_irq  0x0001a2e0      0x1b0 Output/Release/Obj/ble_app_uart_pca10040e_s112/app_timer2.o
 .text.nrf_drv_uart_rx.constprop.0
                0x0001a490       0x28 Output/Release/Obj/ble_app_uart_pca10040e_s112/app_uart_fifo.o
 .text.nrf_drv_uart_tx.constprop.0
                0x0001a4b8       0x28 Output/Release/Obj/ble_app_uart_pca10040e_s112/app_uart_fifo.o
 .text.uart_event_handler
                0x0001a4e0       0xa4 Output/Release/Obj/ble_app_uart_pca10040e_s112/app_uart_fifo.o
 .text.app_uart_init
                0x0001a584       0xb0 Output/Release/Obj/ble_app_uart_pca10040e_s112/app_uart_fifo.o
                0x0001a584                app_uart_init
 .text.app_uart_get
                0x0001a634       0x2c Output/Release/Obj/ble_app_uart_pca10040e_s112/app_uart_fifo.o
                0x0001a634                app_uart_get
 .text.app_uart_put
                0x0001a660       0x50 Output/Release/Obj/ble_app_uart_pca10040e_s112/app_uart_fifo.o
                0x0001a660                app_uart_put
 .text.app_util_critical_region_enter
                0x0001a6b0       0x48 Output/Release/Obj/ble_app_uart_pca10040e_s112/app_util_platform.o
                0x0001a6b0                app_util_critical_region_enter
 .text.app_util_critical_region_exit
                0x0001a6f8       0x2c Output/Release/Obj/ble_app_uart_pca10040e_s112/app_util_platform.o
                0x0001a6f8                app_util_critical_region_exit
 .text.evt_pending.isra.0
                0x0001a724       0x18 Output/Release/Obj/ble_app_uart_pca10040e_s112/drv_rtc.o
 .text.drv_rtc_init
                0x0001a73c       0xa4 Output/Release/Obj/ble_app_uart_pca10040e_s112/drv_rtc.o
                0x0001a73c                drv_rtc_init
 .text.drv_rtc_start
                0x0001a7e0        0x8 Output/Release/Obj/ble_app_uart_pca10040e_s112/drv_rtc.o
                0x0001a7e0                drv_rtc_start
 .text.drv_rtc_stop
                0x0001a7e8        0x8 Output/Release/Obj/ble_app_uart_pca10040e_s112/drv_rtc.o
                0x0001a7e8                drv_rtc_stop
 .text.drv_rtc_compare_set
                0x0001a7f0       0x3e Output/Release/Obj/ble_app_uart_pca10040e_s112/drv_rtc.o
                0x0001a7f0                drv_rtc_compare_set
 *fill*         0x0001a82e        0x2 
 .text.drv_rtc_windowed_compare_set
                0x0001a830       0xe4 Output/Release/Obj/ble_app_uart_pca10040e_s112/drv_rtc.o
                0x0001a830                drv_rtc_windowed_compare_set
 .text.drv_rtc_overflow_enable
                0x0001a914       0x10 Output/Release/Obj/ble_app_uart_pca10040e_s112/drv_rtc.o
                0x0001a914                drv_rtc_overflow_enable
 .text.drv_rtc_overflow_pending
                0x0001a924        0xa Output/Release/Obj/ble_app_uart_pca10040e_s112/drv_rtc.o
                0x0001a924                drv_rtc_overflow_pending
 .text.drv_rtc_compare_disable
                0x0001a92e       0x14 Output/Release/Obj/ble_app_uart_pca10040e_s112/drv_rtc.o
                0x0001a92e                drv_rtc_compare_disable
 .text.drv_rtc_compare_pending
                0x0001a942        0xc Output/Release/Obj/ble_app_uart_pca10040e_s112/drv_rtc.o
                0x0001a942                drv_rtc_compare_pending
 .text.drv_rtc_counter_get
                0x0001a94e        0x8 Output/Release/Obj/ble_app_uart_pca10040e_s112/drv_rtc.o
                0x0001a94e                drv_rtc_counter_get
 *fill*         0x0001a956        0x2 
 .text.drv_rtc_irq_trigger
                0x0001a958       0x24 Output/Release/Obj/ble_app_uart_pca10040e_s112/drv_rtc.o
                0x0001a958                drv_rtc_irq_trigger
 .text.RTC1_IRQHandler
                0x0001a97c       0x14 Output/Release/Obj/ble_app_uart_pca10040e_s112/drv_rtc.o
                0x0001a97c                RTC1_IRQHandler
 .text.nrf_atfifo_wspace_close
                0x0001a990       0x12 Output/Release/Obj/ble_app_uart_pca10040e_s112/nrf_atfifo.o
 .text.nrf_atfifo_rspace_close
                0x0001a9a2       0x12 Output/Release/Obj/ble_app_uart_pca10040e_s112/nrf_atfifo.o
 .text.nrf_atfifo_init
                0x0001a9b4       0x26 Output/Release/Obj/ble_app_uart_pca10040e_s112/nrf_atfifo.o
                0x0001a9b4                nrf_atfifo_init
 .text.nrf_atfifo_item_alloc
                0x0001a9da       0x54 Output/Release/Obj/ble_app_uart_pca10040e_s112/nrf_atfifo.o
                0x0001a9da                nrf_atfifo_item_alloc
 .text.nrf_atfifo_item_put
                0x0001aa2e       0x16 Output/Release/Obj/ble_app_uart_pca10040e_s112/nrf_atfifo.o
                0x0001aa2e                nrf_atfifo_item_put
 .text.nrf_atfifo_item_get
                0x0001aa44       0x56 Output/Release/Obj/ble_app_uart_pca10040e_s112/nrf_atfifo.o
                0x0001aa44                nrf_atfifo_item_get
 .text.nrf_atfifo_item_free
                0x0001aa9a       0x16 Output/Release/Obj/ble_app_uart_pca10040e_s112/nrf_atfifo.o
                0x0001aa9a                nrf_atfifo_item_free
 .text.nrf_atflags_set
                0x0001aab0       0x12 Output/Release/Obj/ble_app_uart_pca10040e_s112/nrf_atflags.o
                0x0001aab0                nrf_atflags_set
 .text.nrf_atflags_clear
                0x0001aac2       0x14 Output/Release/Obj/ble_app_uart_pca10040e_s112/nrf_atflags.o
                0x0001aac2                nrf_atflags_clear
 .text.nrf_atflags_get
                0x0001aad6       0x12 Output/Release/Obj/ble_app_uart_pca10040e_s112/nrf_atflags.o
                0x0001aad6                nrf_atflags_get
 .text.nrf_atomic_u32_fetch_store
                0x0001aae8       0x16 Output/Release/Obj/ble_app_uart_pca10040e_s112/nrf_atomic.o
                0x0001aae8                nrf_atomic_u32_fetch_store
 .text.nrf_atomic_u32_or
                0x0001aafe       0x18 Output/Release/Obj/ble_app_uart_pca10040e_s112/nrf_atomic.o
                0x0001aafe                nrf_atomic_u32_or
 .text.nrf_atomic_u32_fetch_and
                0x0001ab16       0x18 Output/Release/Obj/ble_app_uart_pca10040e_s112/nrf_atomic.o
                0x0001ab16                nrf_atomic_u32_fetch_and
 .text.nrf_atomic_u32_and
                0x0001ab2e       0x18 Output/Release/Obj/ble_app_uart_pca10040e_s112/nrf_atomic.o
                0x0001ab2e                nrf_atomic_u32_and
 .text.nrf_atomic_u32_add
                0x0001ab46       0x18 Output/Release/Obj/ble_app_uart_pca10040e_s112/nrf_atomic.o
                0x0001ab46                nrf_atomic_u32_add
 .text.nrf_atomic_u32_sub
                0x0001ab5e       0x18 Output/Release/Obj/ble_app_uart_pca10040e_s112/nrf_atomic.o
                0x0001ab5e                nrf_atomic_u32_sub
 .text.nrf_atomic_flag_set
                0x0001ab76        0x6 Output/Release/Obj/ble_app_uart_pca10040e_s112/nrf_atomic.o
                0x0001ab76                nrf_atomic_flag_set
 .text.nrf_atomic_flag_clear_fetch
                0x0001ab7c        0x6 Output/Release/Obj/ble_app_uart_pca10040e_s112/nrf_atomic.o
                0x0001ab7c                nrf_atomic_flag_clear_fetch
 .text.nrf_balloc_init
                0x0001ab82       0x2e Output/Release/Obj/ble_app_uart_pca10040e_s112/nrf_balloc.o
                0x0001ab82                nrf_balloc_init
 .text.nrf_balloc_alloc
                0x0001abb0       0x48 Output/Release/Obj/ble_app_uart_pca10040e_s112/nrf_balloc.o
                0x0001abb0                nrf_balloc_alloc
 .text.nrf_balloc_free
                0x0001abf8       0x34 Output/Release/Obj/ble_app_uart_pca10040e_s112/nrf_balloc.o
                0x0001abf8                nrf_balloc_free
 .text.nrf_fprintf_buffer_flush
                0x0001ac2c       0x16 Output/Release/Obj/ble_app_uart_pca10040e_s112/nrf_fprintf.o
                0x0001ac2c                nrf_fprintf_buffer_flush
 .text.nrf_fprintf
                0x0001ac42       0x1c Output/Release/Obj/ble_app_uart_pca10040e_s112/nrf_fprintf.o
                0x0001ac42                nrf_fprintf
 .text.buffer_add
                0x0001ac5e       0x2e Output/Release/Obj/ble_app_uart_pca10040e_s112/nrf_fprintf_format.o
 .text.unsigned_print
                0x0001ac8c       0xb4 Output/Release/Obj/ble_app_uart_pca10040e_s112/nrf_fprintf_format.o
 .text.nrf_fprintf_fmt
                0x0001ad40      0x2b0 Output/Release/Obj/ble_app_uart_pca10040e_s112/nrf_fprintf_format.o
                0x0001ad40                nrf_fprintf_fmt
 .text.memobj_op
                0x0001aff0       0x86 Output/Release/Obj/ble_app_uart_pca10040e_s112/nrf_memobj.o
 .text.nrf_memobj_pool_init
                0x0001b076        0x4 Output/Release/Obj/ble_app_uart_pca10040e_s112/nrf_memobj.o
                0x0001b076                nrf_memobj_pool_init
 .text.nrf_memobj_free
                0x0001b07a       0x2c Output/Release/Obj/ble_app_uart_pca10040e_s112/nrf_memobj.o
                0x0001b07a                nrf_memobj_free
 .text.nrf_memobj_alloc
                0x0001b0a6       0x58 Output/Release/Obj/ble_app_uart_pca10040e_s112/nrf_memobj.o
                0x0001b0a6                nrf_memobj_alloc
 .text.nrf_memobj_get
                0x0001b0fe        0x8 Output/Release/Obj/ble_app_uart_pca10040e_s112/nrf_memobj.o
                0x0001b0fe                nrf_memobj_get
 .text.nrf_memobj_put
                0x0001b106       0x1c Output/Release/Obj/ble_app_uart_pca10040e_s112/nrf_memobj.o
                0x0001b106                nrf_memobj_put
 .text.nrf_memobj_write
                0x0001b122       0x14 Output/Release/Obj/ble_app_uart_pca10040e_s112/nrf_memobj.o
                0x0001b122                nrf_memobj_write
 .text.nrf_memobj_read
                0x0001b136       0x14 Output/Release/Obj/ble_app_uart_pca10040e_s112/nrf_memobj.o
                0x0001b136                nrf_memobj_read
 .text.sd_app_evt_wait
                0x0001b14a        0x4 Output/Release/Obj/ble_app_uart_pca10040e_s112/nrf_pwr_mgmt.o
 *fill*         0x0001b14e        0x2 
 .text.nrf_pwr_mgmt_init
                0x0001b150       0x2c Output/Release/Obj/ble_app_uart_pca10040e_s112/nrf_pwr_mgmt.o
                0x0001b150                nrf_pwr_mgmt_init
 .text.nrf_pwr_mgmt_run
                0x0001b17c       0x18 Output/Release/Obj/ble_app_uart_pca10040e_s112/nrf_pwr_mgmt.o
                0x0001b17c                nrf_pwr_mgmt_run
 .text.nrf_ringbuf_init
                0x0001b194       0x12 Output/Release/Obj/ble_app_uart_pca10040e_s112/nrf_ringbuf.o
                0x0001b194                nrf_ringbuf_init
 .text.nrf_section_iter_init
                0x0001b1a6       0x10 Output/Release/Obj/ble_app_uart_pca10040e_s112/nrf_section_iter.o
                0x0001b1a6                nrf_section_iter_init
 .text.nrf_section_iter_next
                0x0001b1b6       0x18 Output/Release/Obj/ble_app_uart_pca10040e_s112/nrf_section_iter.o
                0x0001b1b6                nrf_section_iter_next
 .text.nrf_sortlist_add
                0x0001b1ce       0x22 Output/Release/Obj/ble_app_uart_pca10040e_s112/nrf_sortlist.o
                0x0001b1ce                nrf_sortlist_add
 .text.nrf_sortlist_pop
                0x0001b1f0        0xc Output/Release/Obj/ble_app_uart_pca10040e_s112/nrf_sortlist.o
                0x0001b1f0                nrf_sortlist_pop
 .text.nrf_sortlist_peek
                0x0001b1fc        0x6 Output/Release/Obj/ble_app_uart_pca10040e_s112/nrf_sortlist.o
                0x0001b1fc                nrf_sortlist_peek
 .text.nrf_sortlist_remove
                0x0001b202       0x1a Output/Release/Obj/ble_app_uart_pca10040e_s112/nrf_sortlist.o
                0x0001b202                nrf_sortlist_remove
 .text.nrf_strerror_find
                0x0001b21c       0x34 Output/Release/Obj/ble_app_uart_pca10040e_s112/nrf_strerror.o
                0x0001b21c                nrf_strerror_find
 .text.nrf_strerror_get
                0x0001b250       0x14 Output/Release/Obj/ble_app_uart_pca10040e_s112/nrf_strerror.o
                0x0001b250                nrf_strerror_get
 .text.__NVIC_SystemReset
                0x0001b264       0x24 Output/Release/Obj/ble_app_uart_pca10040e_s112/system_nrf52810.o
 .text.nrf52_errata_16
                0x0001b288       0x22 Output/Release/Obj/ble_app_uart_pca10040e_s112/system_nrf52810.o
 .text.nrf52_errata_31
                0x0001b2aa       0x22 Output/Release/Obj/ble_app_uart_pca10040e_s112/system_nrf52810.o
 .text.nvmc_wait
                0x0001b2cc       0x10 Output/Release/Obj/ble_app_uart_pca10040e_s112/system_nrf52810.o
                0x0001b2cc                nvmc_wait
 .text.SystemInit
                0x0001b2dc      0x2b8 Output/Release/Obj/ble_app_uart_pca10040e_s112/system_nrf52810.o
                0x0001b2dc                SystemInit
 .text.bsp_board_led_state_get
                0x0001b594       0x1c Output/Release/Obj/ble_app_uart_pca10040e_s112/boards.o
                0x0001b594                bsp_board_led_state_get
 .text.bsp_board_led_on
                0x0001b5b0       0x18 Output/Release/Obj/ble_app_uart_pca10040e_s112/boards.o
                0x0001b5b0                bsp_board_led_on
 .text.bsp_board_led_off
                0x0001b5c8       0x18 Output/Release/Obj/ble_app_uart_pca10040e_s112/boards.o
                0x0001b5c8                bsp_board_led_off
 .text.bsp_board_leds_off
                0x0001b5e0       0x1e Output/Release/Obj/ble_app_uart_pca10040e_s112/boards.o
                0x0001b5e0                bsp_board_leds_off
 .text.bsp_board_leds_on
                0x0001b5fe       0x1e Output/Release/Obj/ble_app_uart_pca10040e_s112/boards.o
                0x0001b5fe                bsp_board_leds_on
 .text.bsp_board_led_invert
                0x0001b61c       0x24 Output/Release/Obj/ble_app_uart_pca10040e_s112/boards.o
                0x0001b61c                bsp_board_led_invert
 .text.bsp_board_button_state_get
                0x0001b640       0x1c Output/Release/Obj/ble_app_uart_pca10040e_s112/boards.o
                0x0001b640                bsp_board_button_state_get
 .text.bsp_board_pin_to_button_idx
                0x0001b65c       0x24 Output/Release/Obj/ble_app_uart_pca10040e_s112/boards.o
                0x0001b65c                bsp_board_pin_to_button_idx
 .text.bsp_board_button_idx_to_pin
                0x0001b680        0xc Output/Release/Obj/ble_app_uart_pca10040e_s112/boards.o
                0x0001b680                bsp_board_button_idx_to_pin
 .text.bsp_board_init
                0x0001b68c       0x3e Output/Release/Obj/ble_app_uart_pca10040e_s112/boards.o
                0x0001b68c                bsp_board_init
 *fill*         0x0001b6ca        0x2 
 .text.clock_clk_started_notify
                0x0001b6cc       0x28 Output/Release/Obj/ble_app_uart_pca10040e_s112/nrf_drv_clock.o
 .text.clock_irq_handler
                0x0001b6f4       0x1c Output/Release/Obj/ble_app_uart_pca10040e_s112/nrf_drv_clock.o
 .text.soc_evt_handler
                0x0001b710       0x14 Output/Release/Obj/ble_app_uart_pca10040e_s112/nrf_drv_clock.o
 .text.nrf_drv_clock_init
                0x0001b724       0x48 Output/Release/Obj/ble_app_uart_pca10040e_s112/nrf_drv_clock.o
                0x0001b724                nrf_drv_clock_init
 .text.nrf_drv_clock_lfclk_release
                0x0001b76c       0x40 Output/Release/Obj/ble_app_uart_pca10040e_s112/nrf_drv_clock.o
                0x0001b76c                nrf_drv_clock_lfclk_release
 .text.sd_state_evt_handler
                0x0001b7ac       0x64 Output/Release/Obj/ble_app_uart_pca10040e_s112/nrf_drv_clock.o
 .text.uarte_evt_handler
                0x0001b810       0x34 Output/Release/Obj/ble_app_uart_pca10040e_s112/nrf_drv_uart.o
 .text.uart_evt_handler
                0x0001b844       0x34 Output/Release/Obj/ble_app_uart_pca10040e_s112/nrf_drv_uart.o
 .text.nrf_drv_uart_init
                0x0001b878       0x7c Output/Release/Obj/ble_app_uart_pca10040e_s112/nrf_drv_uart.o
                0x0001b878                nrf_drv_uart_init
 .text.nrf_clock_event_clear
                0x0001b8f4       0x14 Output/Release/Obj/ble_app_uart_pca10040e_s112/nrfx_clock.o
 .text.nrfx_clock_init
                0x0001b908       0x18 Output/Release/Obj/ble_app_uart_pca10040e_s112/nrfx_clock.o
                0x0001b908                nrfx_clock_init
 .text.nrfx_clock_enable
                0x0001b920       0x24 Output/Release/Obj/ble_app_uart_pca10040e_s112/nrfx_clock.o
                0x0001b920                nrfx_clock_enable
 .text.nrfx_clock_lfclk_stop
                0x0001b944       0x22 Output/Release/Obj/ble_app_uart_pca10040e_s112/nrfx_clock.o
                0x0001b944                nrfx_clock_lfclk_stop
 .text.nrfx_clock_hfclk_start
                0x0001b966       0x18 Output/Release/Obj/ble_app_uart_pca10040e_s112/nrfx_clock.o
                0x0001b966                nrfx_clock_hfclk_start
 *fill*         0x0001b97e        0x2 
 .text.POWER_CLOCK_IRQHandler
                0x0001b980       0x50 Output/Release/Obj/ble_app_uart_pca10040e_s112/nrfx_clock.o
                0x0001b980                POWER_CLOCK_IRQHandler
 .text.nrf_gpiote_event_clear
                0x0001b9d0       0x18 Output/Release/Obj/ble_app_uart_pca10040e_s112/nrfx_gpiote.o
 .text.nrf_gpio_cfg_sense_set
                0x0001b9e8       0x20 Output/Release/Obj/ble_app_uart_pca10040e_s112/nrfx_gpiote.o
 .text.channel_free
                0x0001ba08       0x1c Output/Release/Obj/ble_app_uart_pca10040e_s112/nrfx_gpiote.o
 .text.nrfx_gpiote_init
                0x0001ba24       0x74 Output/Release/Obj/ble_app_uart_pca10040e_s112/nrfx_gpiote.o
                0x0001ba24                nrfx_gpiote_init
 .text.nrfx_gpiote_is_init
                0x0001ba98       0x14 Output/Release/Obj/ble_app_uart_pca10040e_s112/nrfx_gpiote.o
                0x0001ba98                nrfx_gpiote_is_init
 .text.nrfx_gpiote_in_init
                0x0001baac       0xf4 Output/Release/Obj/ble_app_uart_pca10040e_s112/nrfx_gpiote.o
                0x0001baac                nrfx_gpiote_in_init
 .text.nrfx_gpiote_in_event_enable
                0x0001bba0       0x80 Output/Release/Obj/ble_app_uart_pca10040e_s112/nrfx_gpiote.o
                0x0001bba0                nrfx_gpiote_in_event_enable
 .text.nrfx_gpiote_in_is_set
                0x0001bc20       0x12 Output/Release/Obj/ble_app_uart_pca10040e_s112/nrfx_gpiote.o
                0x0001bc20                nrfx_gpiote_in_is_set
 *fill*         0x0001bc32        0x2 
 .text.GPIOTE_IRQHandler
                0x0001bc34      0x14c Output/Release/Obj/ble_app_uart_pca10040e_s112/nrfx_gpiote.o
                0x0001bc34                GPIOTE_IRQHandler
 .text.UARTE0_UART0_IRQHandler
                0x0001bd80        0xc Output/Release/Obj/ble_app_uart_pca10040e_s112/nrfx_prs.o
                0x0001bd80                UARTE0_UART0_IRQHandler
 .text.nrfx_prs_acquire
                0x0001bd8c       0x40 Output/Release/Obj/ble_app_uart_pca10040e_s112/nrfx_prs.o
                0x0001bd8c                nrfx_prs_acquire
 .text.nrf_uart_event_clear
                0x0001bdcc       0x10 Output/Release/Obj/ble_app_uart_pca10040e_s112/nrfx_uart.o
 .text.tx_byte  0x0001bddc       0x1e Output/Release/Obj/ble_app_uart_pca10040e_s112/nrfx_uart.o
 .text.rx_byte  0x0001bdfa       0x2c Output/Release/Obj/ble_app_uart_pca10040e_s112/nrfx_uart.o
 *fill*         0x0001be26        0x2 
 .text.rx_done_event.constprop.0
                0x0001be28       0x20 Output/Release/Obj/ble_app_uart_pca10040e_s112/nrfx_uart.o
 .text.rx_enable.isra.0
                0x0001be48       0x18 Output/Release/Obj/ble_app_uart_pca10040e_s112/nrfx_uart.o
 .text.nrfx_uart_0_irq_handler
                0x0001be60      0x140 Output/Release/Obj/ble_app_uart_pca10040e_s112/nrfx_uart.o
                0x0001be60                nrfx_uart_0_irq_handler
 .text.nrfx_uart_init
                0x0001bfa0      0x164 Output/Release/Obj/ble_app_uart_pca10040e_s112/nrfx_uart.o
                0x0001bfa0                nrfx_uart_init
 .text.nrfx_uart_tx_in_progress
                0x0001c104       0x18 Output/Release/Obj/ble_app_uart_pca10040e_s112/nrfx_uart.o
                0x0001c104                nrfx_uart_tx_in_progress
 .text.nrfx_uart_tx
                0x0001c11c       0x90 Output/Release/Obj/ble_app_uart_pca10040e_s112/nrfx_uart.o
                0x0001c11c                nrfx_uart_tx
 .text.nrfx_uart_rx
                0x0001c1ac       0xf4 Output/Release/Obj/ble_app_uart_pca10040e_s112/nrfx_uart.o
                0x0001c1ac                nrfx_uart_rx
 .text.nrf_uarte_event_clear
                0x0001c2a0       0x10 Output/Release/Obj/ble_app_uart_pca10040e_s112/nrfx_uarte.o
 .text.rx_done_event.constprop.0
                0x0001c2b0       0x20 Output/Release/Obj/ble_app_uart_pca10040e_s112/nrfx_uarte.o
 .text.nrfx_uarte_0_irq_handler
                0x0001c2d0      0x118 Output/Release/Obj/ble_app_uart_pca10040e_s112/nrfx_uarte.o
                0x0001c2d0                nrfx_uarte_0_irq_handler
 .text.nrfx_uarte_init
                0x0001c3e8      0x178 Output/Release/Obj/ble_app_uart_pca10040e_s112/nrfx_uarte.o
                0x0001c3e8                nrfx_uarte_init
 .text.nrfx_uarte_tx_in_progress
                0x0001c560       0x18 Output/Release/Obj/ble_app_uart_pca10040e_s112/nrfx_uarte.o
                0x0001c560                nrfx_uarte_tx_in_progress
 .text.nrfx_uarte_tx
                0x0001c578       0x94 Output/Release/Obj/ble_app_uart_pca10040e_s112/nrfx_uarte.o
                0x0001c578                nrfx_uarte_tx
 .text.nrfx_uarte_rx
                0x0001c60c       0xf4 Output/Release/Obj/ble_app_uart_pca10040e_s112/nrfx_uarte.o
                0x0001c60c                nrfx_uarte_rx
 .text.alert_timer_handler
                0x0001c700        0x6 Output/Release/Obj/ble_app_uart_pca10040e_s112/bsp.o
 *fill*         0x0001c706        0x2 
 .text.bsp_button_event_handler
                0x0001c708       0xa0 Output/Release/Obj/ble_app_uart_pca10040e_s112/bsp.o
 .text.button_timer_handler
                0x0001c7a8        0x8 Output/Release/Obj/ble_app_uart_pca10040e_s112/bsp.o
 .text.leds_off
                0x0001c7b0       0x2c Output/Release/Obj/ble_app_uart_pca10040e_s112/bsp.o
 .text.bsp_led_indication
                0x0001c7dc      0x210 Output/Release/Obj/ble_app_uart_pca10040e_s112/bsp.o
 .text.leds_timer_handler
                0x0001c9ec       0x1c Output/Release/Obj/ble_app_uart_pca10040e_s112/bsp.o
 .text.wakeup_button_cfg.part.0
                0x0001ca08       0x30 Output/Release/Obj/ble_app_uart_pca10040e_s112/bsp.o
 .text.bsp_button_is_pressed
                0x0001ca38        0xc Output/Release/Obj/ble_app_uart_pca10040e_s112/bsp.o
                0x0001ca38                bsp_button_is_pressed
 .text.bsp_indication_set
                0x0001ca44       0x18 Output/Release/Obj/ble_app_uart_pca10040e_s112/bsp.o
                0x0001ca44                bsp_indication_set
 .text.bsp_init
                0x0001ca5c       0x9c Output/Release/Obj/ble_app_uart_pca10040e_s112/bsp.o
                0x0001ca5c                bsp_init
 .text.bsp_event_to_button_action_assign
                0x0001caf8       0x4c Output/Release/Obj/ble_app_uart_pca10040e_s112/bsp.o
                0x0001caf8                bsp_event_to_button_action_assign
 .text.bsp_wakeup_button_enable
                0x0001cb44       0x14 Output/Release/Obj/ble_app_uart_pca10040e_s112/bsp.o
                0x0001cb44                bsp_wakeup_button_enable
 .text.advertising_buttons_configure
                0x0001cb58       0x36 Output/Release/Obj/ble_app_uart_pca10040e_s112/bsp_btn_ble.o
 *fill*         0x0001cb8e        0x2 
 .text.ble_evt_handler
                0x0001cb90       0x7c Output/Release/Obj/ble_app_uart_pca10040e_s112/bsp_btn_ble.o
 .text.bsp_btn_ble_sleep_mode_prepare
                0x0001cc0c       0x1e Output/Release/Obj/ble_app_uart_pca10040e_s112/bsp_btn_ble.o
                0x0001cc0c                bsp_btn_ble_sleep_mode_prepare
 *fill*         0x0001cc2a        0x2 
 .text.bsp_btn_ble_init
                0x0001cc2c       0x40 Output/Release/Obj/ble_app_uart_pca10040e_s112/bsp_btn_ble.o
                0x0001cc2c                bsp_btn_ble_init
 .text.sd_ble_gap_disconnect
                0x0001cc6c        0x4 Output/Release/Obj/ble_app_uart_pca10040e_s112/main.o
 .text.sd_ble_gap_ppcp_set
                0x0001cc70        0x4 Output/Release/Obj/ble_app_uart_pca10040e_s112/main.o
 .text.sd_ble_gap_device_name_set
                0x0001cc74        0x4 Output/Release/Obj/ble_app_uart_pca10040e_s112/main.o
 .text.sd_ble_gap_sec_params_reply
                0x0001cc78        0x4 Output/Release/Obj/ble_app_uart_pca10040e_s112/main.o
 .text.sd_ble_gap_phy_update
                0x0001cc7c        0x4 Output/Release/Obj/ble_app_uart_pca10040e_s112/main.o
 .text.sd_ble_gatts_sys_attr_set
                0x0001cc80        0x4 Output/Release/Obj/ble_app_uart_pca10040e_s112/main.o
 .text.sd_power_system_off
                0x0001cc84        0x4 Output/Release/Obj/ble_app_uart_pca10040e_s112/main.o
 .text.clock_event_handler
                0x0001cc88        0x2 Output/Release/Obj/ble_app_uart_pca10040e_s112/main.o
 .text.nrf_qwr_error_handler
                0x0001cc8a        0x4 Output/Release/Obj/ble_app_uart_pca10040e_s112/main.o
 .text.sleep_mode_enter
                0x0001cc8e       0x28 Output/Release/Obj/ble_app_uart_pca10040e_s112/main.o
 *fill*         0x0001ccb6        0x2 
 .text.ble_evt_handler
                0x0001ccb8       0xdc Output/Release/Obj/ble_app_uart_pca10040e_s112/main.o
 .text.on_conn_params_evt
                0x0001cd94       0x20 Output/Release/Obj/ble_app_uart_pca10040e_s112/main.o
 .text.bsp_event_handler
                0x0001cdb4       0x4c Output/Release/Obj/ble_app_uart_pca10040e_s112/main.o
                0x0001cdb4                bsp_event_handler
 .text.on_adv_evt
                0x0001ce00       0x22 Output/Release/Obj/ble_app_uart_pca10040e_s112/main.o
 *fill*         0x0001ce22        0x2 
 .text.uart_event_handle
                0x0001ce24       0x94 Output/Release/Obj/ble_app_uart_pca10040e_s112/main.o
                0x0001ce24                uart_event_handle
 .text.nus_data_handler
                0x0001ceb8       0x64 Output/Release/Obj/ble_app_uart_pca10040e_s112/main.o
 .text.gatt_evt_handler
                0x0001cf1c       0x4c Output/Release/Obj/ble_app_uart_pca10040e_s112/main.o
                0x0001cf1c                gatt_evt_handler
 .text.conn_params_error_handler
                0x0001cf68        0x4 Output/Release/Obj/ble_app_uart_pca10040e_s112/main.o
 .text.gatt_init
                0x0001cf6c       0x2c Output/Release/Obj/ble_app_uart_pca10040e_s112/main.o
                0x0001cf6c                gatt_init
 .text.startup.main
                0x0001cf98      0x428 Output/Release/Obj/ble_app_uart_pca10040e_s112/main.o
                0x0001cf98                main
 .text._GetAvailWriteSpace
                0x0001d3c0       0x12 Output/Release/Obj/ble_app_uart_pca10040e_s112/SEGGER_RTT.o
 .text._WriteNoCheck
                0x0001d3d2       0x36 Output/Release/Obj/ble_app_uart_pca10040e_s112/SEGGER_RTT.o
 .text._WriteBlocking
                0x0001d408       0x54 Output/Release/Obj/ble_app_uart_pca10040e_s112/SEGGER_RTT.o
 .text._DoInit  0x0001d45c       0x60 Output/Release/Obj/ble_app_uart_pca10040e_s112/SEGGER_RTT.o
 .text.SEGGER_RTT_WriteNoLock
                0x0001d4bc       0x58 Output/Release/Obj/ble_app_uart_pca10040e_s112/SEGGER_RTT.o
                0x0001d4bc                SEGGER_RTT_WriteNoLock
 .text.SEGGER_RTT_Init
                0x0001d514        0x4 Output/Release/Obj/ble_app_uart_pca10040e_s112/SEGGER_RTT.o
                0x0001d514                SEGGER_RTT_Init
 .text.sd_ble_gap_addr_get
                0x0001d518        0x4 Output/Release/Obj/ble_app_uart_pca10040e_s112/ble_advdata.o
 .text.sd_ble_gap_appearance_get
                0x0001d51c        0x4 Output/Release/Obj/ble_app_uart_pca10040e_s112/ble_advdata.o
 .text.sd_ble_gap_device_name_get
                0x0001d520        0x4 Output/Release/Obj/ble_app_uart_pca10040e_s112/ble_advdata.o
 .text.sd_ble_uuid_encode
                0x0001d524        0x4 Output/Release/Obj/ble_app_uart_pca10040e_s112/ble_advdata.o
 .text.uuid_list_sized_encode
                0x0001d528       0xae Output/Release/Obj/ble_app_uart_pca10040e_s112/ble_advdata.o
 .text.uuid_list_encode
                0x0001d5d6       0x38 Output/Release/Obj/ble_app_uart_pca10040e_s112/ble_advdata.o
 .text.ble_advdata_encode
                0x0001d60e      0x38c Output/Release/Obj/ble_app_uart_pca10040e_s112/ble_advdata.o
                0x0001d60e                ble_advdata_encode
 .text.ble_advdata_search
                0x0001d99a       0x48 Output/Release/Obj/ble_app_uart_pca10040e_s112/ble_advdata.o
                0x0001d99a                ble_advdata_search
 .text.ble_advdata_parse
                0x0001d9e2       0x20 Output/Release/Obj/ble_app_uart_pca10040e_s112/ble_advdata.o
                0x0001d9e2                ble_advdata_parse
 .text.sd_ble_gap_adv_set_configure
                0x0001da02        0x4 Output/Release/Obj/ble_app_uart_pca10040e_s112/ble_advertising.o
 .text.sd_ble_gap_adv_start
                0x0001da06        0x4 Output/Release/Obj/ble_app_uart_pca10040e_s112/ble_advertising.o
 .text.sd_ble_gap_adv_stop
                0x0001da0a        0x4 Output/Release/Obj/ble_app_uart_pca10040e_s112/ble_advertising.o
 .text.flags_set
                0x0001da0e       0x2c Output/Release/Obj/ble_app_uart_pca10040e_s112/ble_advertising.o
 .text.ble_advertising_conn_cfg_tag_set
                0x0001da3a        0x6 Output/Release/Obj/ble_app_uart_pca10040e_s112/ble_advertising.o
                0x0001da3a                ble_advertising_conn_cfg_tag_set
 .text.ble_advertising_init
                0x0001da40       0xe0 Output/Release/Obj/ble_app_uart_pca10040e_s112/ble_advertising.o
                0x0001da40                ble_advertising_init
 .text.ble_advertising_start
                0x0001db20      0x1f4 Output/Release/Obj/ble_app_uart_pca10040e_s112/ble_advertising.o
                0x0001db20                ble_advertising_start
 .text.ble_advertising_on_ble_evt
                0x0001dd14       0x6a Output/Release/Obj/ble_app_uart_pca10040e_s112/ble_advertising.o
                0x0001dd14                ble_advertising_on_ble_evt
 .text.ble_advertising_restart_without_whitelist
                0x0001dd7e       0x3c Output/Release/Obj/ble_app_uart_pca10040e_s112/ble_advertising.o
                0x0001dd7e                ble_advertising_restart_without_whitelist
 .text.sd_ble_gap_conn_param_update
                0x0001ddba        0x4 Output/Release/Obj/ble_app_uart_pca10040e_s112/ble_conn_params.o
 .text.sd_ble_gap_disconnect
                0x0001ddbe        0x4 Output/Release/Obj/ble_app_uart_pca10040e_s112/ble_conn_params.o
 .text.sd_ble_gap_ppcp_set
                0x0001ddc2        0x4 Output/Release/Obj/ble_app_uart_pca10040e_s112/ble_conn_params.o
 .text.sd_ble_gap_ppcp_get
                0x0001ddc6        0x4 Output/Release/Obj/ble_app_uart_pca10040e_s112/ble_conn_params.o
 *fill*         0x0001ddca        0x2 
 .text.instance_get
                0x0001ddcc       0x14 Output/Release/Obj/ble_app_uart_pca10040e_s112/ble_conn_params.o
 .text.send_error_evt
                0x0001dde0       0x10 Output/Release/Obj/ble_app_uart_pca10040e_s112/ble_conn_params.o
 .text.update_timeout_handler
                0x0001ddf0       0x70 Output/Release/Obj/ble_app_uart_pca10040e_s112/ble_conn_params.o
 .text.conn_params_negotiation
                0x0001de60       0x48 Output/Release/Obj/ble_app_uart_pca10040e_s112/ble_conn_params.o
 .text.is_conn_params_ok.constprop.0
                0x0001dea8       0x34 Output/Release/Obj/ble_app_uart_pca10040e_s112/ble_conn_params.o
 .text.ble_evt_handler
                0x0001dedc       0xe0 Output/Release/Obj/ble_app_uart_pca10040e_s112/ble_conn_params.o
 .text.ble_conn_params_init
                0x0001dfbc       0x74 Output/Release/Obj/ble_app_uart_pca10040e_s112/ble_conn_params.o
                0x0001dfbc                ble_conn_params_init
 .text.flag_toggle
                0x0001e030        0xa Output/Release/Obj/ble_app_uart_pca10040e_s112/ble_conn_state.o
 .text.conn_handle_list_get
                0x0001e03a       0x2e Output/Release/Obj/ble_app_uart_pca10040e_s112/ble_conn_state.o
                0x0001e03a                conn_handle_list_get
 .text.ble_evt_handler
                0x0001e068       0xf4 Output/Release/Obj/ble_app_uart_pca10040e_s112/ble_conn_state.o
 .text.ble_conn_state_valid
                0x0001e15c       0x14 Output/Release/Obj/ble_app_uart_pca10040e_s112/ble_conn_state.o
                0x0001e15c                ble_conn_state_valid
 .text.ble_conn_state_conn_idx
                0x0001e170       0x12 Output/Release/Obj/ble_app_uart_pca10040e_s112/ble_conn_state.o
                0x0001e170                ble_conn_state_conn_idx
 .text.blcm_link_ctx_get
                0x0001e182       0x4e Output/Release/Obj/ble_app_uart_pca10040e_s112/ble_link_ctx_manager.o
                0x0001e182                blcm_link_ctx_get
 .text.sd_ble_gatts_characteristic_add
                0x0001e1d0        0x4 Output/Release/Obj/ble_app_uart_pca10040e_s112/ble_srv_common.o
 .text.set_security_req
                0x0001e1d4       0x2a Output/Release/Obj/ble_app_uart_pca10040e_s112/ble_srv_common.o
 .text.ble_srv_is_notification_enabled
                0x0001e1fe        0x8 Output/Release/Obj/ble_app_uart_pca10040e_s112/ble_srv_common.o
                0x0001e1fe                ble_srv_is_notification_enabled
 .text.characteristic_add
                0x0001e206      0x142 Output/Release/Obj/ble_app_uart_pca10040e_s112/ble_srv_common.o
                0x0001e206                characteristic_add
 .text.sd_ble_gattc_exchange_mtu_request
                0x0001e348        0x4 Output/Release/Obj/ble_app_uart_pca10040e_s112/nrf_ble_gatt.o
 .text.sd_ble_gatts_exchange_mtu_reply
                0x0001e34c        0x4 Output/Release/Obj/ble_app_uart_pca10040e_s112/nrf_ble_gatt.o
 .text.nrf_ble_gatt_init
                0x0001e350       0x1e Output/Release/Obj/ble_app_uart_pca10040e_s112/nrf_ble_gatt.o
                0x0001e350                nrf_ble_gatt_init
 .text.nrf_ble_gatt_att_mtu_periph_set
                0x0001e36e       0x18 Output/Release/Obj/ble_app_uart_pca10040e_s112/nrf_ble_gatt.o
                0x0001e36e                nrf_ble_gatt_att_mtu_periph_set
 *fill*         0x0001e386        0x2 
 .text.nrf_ble_gatt_on_ble_evt
                0x0001e388      0x140 Output/Release/Obj/ble_app_uart_pca10040e_s112/nrf_ble_gatt.o
                0x0001e388                nrf_ble_gatt_on_ble_evt
 .text.sd_ble_gatts_rw_authorize_reply
                0x0001e4c8        0x4 Output/Release/Obj/ble_app_uart_pca10040e_s112/nrf_ble_qwr.o
 .text.sd_ble_user_mem_reply
                0x0001e4cc        0x4 Output/Release/Obj/ble_app_uart_pca10040e_s112/nrf_ble_qwr.o
 .text.user_mem_reply.part.0
                0x0001e4d0       0x24 Output/Release/Obj/ble_app_uart_pca10040e_s112/nrf_ble_qwr.o
 .text.nrf_ble_qwr_init
                0x0001e4f4       0x24 Output/Release/Obj/ble_app_uart_pca10040e_s112/nrf_ble_qwr.o
                0x0001e4f4                nrf_ble_qwr_init
 .text.nrf_ble_qwr_conn_handle_assign
                0x0001e518       0x16 Output/Release/Obj/ble_app_uart_pca10040e_s112/nrf_ble_qwr.o
                0x0001e518                nrf_ble_qwr_conn_handle_assign
 .text.nrf_ble_qwr_on_ble_evt
                0x0001e52e       0xa6 Output/Release/Obj/ble_app_uart_pca10040e_s112/nrf_ble_qwr.o
                0x0001e52e                nrf_ble_qwr_on_ble_evt
 .text.sd_ble_gatts_service_add
                0x0001e5d4        0x4 Output/Release/Obj/ble_app_uart_pca10040e_s112/ble_nus.o
 .text.sd_ble_gatts_value_get
                0x0001e5d8        0x4 Output/Release/Obj/ble_app_uart_pca10040e_s112/ble_nus.o
 .text.sd_ble_gatts_hvx
                0x0001e5dc        0x4 Output/Release/Obj/ble_app_uart_pca10040e_s112/ble_nus.o
 .text.sd_ble_uuid_vs_add
                0x0001e5e0        0x4 Output/Release/Obj/ble_app_uart_pca10040e_s112/ble_nus.o
 .text.ble_nus_on_ble_evt
                0x0001e5e4      0x12a Output/Release/Obj/ble_app_uart_pca10040e_s112/ble_nus.o
                0x0001e5e4                ble_nus_on_ble_evt
 *fill*         0x0001e70e        0x2 
 .text.ble_nus_init
                0x0001e710       0xf4 Output/Release/Obj/ble_app_uart_pca10040e_s112/ble_nus.o
                0x0001e710                ble_nus_init
 .text.ble_nus_data_send
                0x0001e804       0x64 Output/Release/Obj/ble_app_uart_pca10040e_s112/ble_nus.o
                0x0001e804                ble_nus_data_send
 .text.sd_softdevice_enable
                0x0001e868        0x4 Output/Release/Obj/ble_app_uart_pca10040e_s112/nrf_sdh.o
 .text.sdh_request_observer_notify
                0x0001e86c       0x30 Output/Release/Obj/ble_app_uart_pca10040e_s112/nrf_sdh.o
 .text.sdh_state_observer_notify
                0x0001e89c       0x28 Output/Release/Obj/ble_app_uart_pca10040e_s112/nrf_sdh.o
 .text.softdevices_evt_irq_enable
                0x0001e8c4       0x38 Output/Release/Obj/ble_app_uart_pca10040e_s112/nrf_sdh.o
 .text.nrf_sdh_enable_request
                0x0001e8fc       0x7c Output/Release/Obj/ble_app_uart_pca10040e_s112/nrf_sdh.o
                0x0001e8fc                nrf_sdh_enable_request
 .text.nrf_sdh_is_enabled
                0x0001e978        0xc Output/Release/Obj/ble_app_uart_pca10040e_s112/nrf_sdh.o
                0x0001e978                nrf_sdh_is_enabled
 .text.nrf_sdh_evts_poll
                0x0001e984       0x28 Output/Release/Obj/ble_app_uart_pca10040e_s112/nrf_sdh.o
                0x0001e984                nrf_sdh_evts_poll
 .text.SWI2_IRQHandler
                0x0001e9ac        0x4 Output/Release/Obj/ble_app_uart_pca10040e_s112/nrf_sdh.o
                0x0001e9ac                SWI2_IRQHandler
 .text.sd_ble_enable
                0x0001e9b0        0x4 Output/Release/Obj/ble_app_uart_pca10040e_s112/nrf_sdh_ble.o
 .text.sd_ble_cfg_set
                0x0001e9b4        0x4 Output/Release/Obj/ble_app_uart_pca10040e_s112/nrf_sdh_ble.o
 .text.sd_ble_evt_get
                0x0001e9b8        0x4 Output/Release/Obj/ble_app_uart_pca10040e_s112/nrf_sdh_ble.o
 .text.nrf_sdh_ble_evts_poll.part.0
                0x0001e9bc       0x54 Output/Release/Obj/ble_app_uart_pca10040e_s112/nrf_sdh_ble.o
 .text.nrf_sdh_ble_evts_poll
                0x0001ea10       0x10 Output/Release/Obj/ble_app_uart_pca10040e_s112/nrf_sdh_ble.o
 .text.nrf_sdh_ble_default_cfg_set
                0x0001ea20      0x17c Output/Release/Obj/ble_app_uart_pca10040e_s112/nrf_sdh_ble.o
                0x0001ea20                nrf_sdh_ble_default_cfg_set
 .text.nrf_sdh_ble_enable
                0x0001eb9c       0x94 Output/Release/Obj/ble_app_uart_pca10040e_s112/nrf_sdh_ble.o
                0x0001eb9c                nrf_sdh_ble_enable
 .text.sd_evt_get
                0x0001ec30        0x4 Output/Release/Obj/ble_app_uart_pca10040e_s112/nrf_sdh_soc.o
 .text.nrf_sdh_soc_evts_poll
                0x0001ec34       0x40 Output/Release/Obj/ble_app_uart_pca10040e_s112/nrf_sdh_soc.o
 .text.libc.__aeabi_uldivmod
                0x0001ec74      0x12e C:/Program Files/SEGGER/SEGGER Embedded Studio 8.26b/lib/libc_v7em_t_le_eabi_balanced.a(intasmops_arm.o)
                0x0001ec74                __aeabi_uldivmod
 .text.libc.__SEGGER_RTL_init_heap
                0x0001eda2       0x16 C:/Program Files/SEGGER/SEGGER Embedded Studio 8.26b/lib/heapops_basic_v7em_t_le_eabi_balanced.a(heapops_basic.o)
                0x0001eda2                __SEGGER_RTL_init_heap
 .text.libc.strlen
                0x0001edb8       0x2c C:/Program Files/SEGGER/SEGGER Embedded Studio 8.26b/lib/strops_unaligned_v7em_t_le_eabi_balanced.a(strops.o)
                0x0001edb8                strlen
 .text.libc.strcpy
                0x0001ede4       0x2e C:/Program Files/SEGGER/SEGGER Embedded Studio 8.26b/lib/strops_unaligned_v7em_t_le_eabi_balanced.a(strasmops_arm.o)
                0x0001ede4                strcpy
 *fill*         0x0001ee12        0x2 
 .text.libc.memcpy
                0x0001ee14       0x5c C:/Program Files/SEGGER/SEGGER Embedded Studio 8.26b/lib/strops_unaligned_v7em_t_le_eabi_balanced.a(strasmops_arm.o)
                0x0001ee14                __aeabi_memcpy
                0x0001ee14                memcpy
                0x0001ee32                __aeabi_memcpy8
                0x0001ee32                __aeabi_memcpy4
 .text.libc.__aeabi_memclr
                0x0001ee70       0x68 C:/Program Files/SEGGER/SEGGER Embedded Studio 8.26b/lib/strops_unaligned_v7em_t_le_eabi_balanced.a(strasmops_arm.o)
                0x0001ee70                __aeabi_memclr8
                0x0001ee70                __aeabi_memclr
                0x0001ee70                __aeabi_memclr4
                0x0001ee72                __aeabi_memset4
                0x0001ee72                __aeabi_memset8
                0x0001ee72                __aeabi_memset
                0x0001ee78                memset
 .text.libc.__SEGGER_RTL_ascii_mbtowc
                0x0001eed8       0x32 C:/Program Files/SEGGER/SEGGER Embedded Studio 8.26b/lib/mbops_timeops_v7em_t_le_eabi_balanced.a(mbops.o)
                0x0001eed8                __SEGGER_RTL_ascii_mbtowc
 .text.libc.__SEGGER_RTL_ascii_wctomb
                0x0001ef0a        0xe C:/Program Files/SEGGER/SEGGER Embedded Studio 8.26b/lib/mbops_timeops_v7em_t_le_eabi_balanced.a(mbops.o)
                0x0001ef0a                __SEGGER_RTL_ascii_wctomb
 .text.libc.isprint
                0x0001ef18       0x2c C:/Program Files/SEGGER/SEGGER Embedded Studio 8.26b/lib/mbops_timeops_v7em_t_le_eabi_balanced.a(mbops.o)
                0x0001ef18                isprint
 .text.libc.__SEGGER_RTL_ascii_isctype
                0x0001ef44       0x20 C:/Program Files/SEGGER/SEGGER Embedded Studio 8.26b/lib/mbops_timeops_v7em_t_le_eabi_balanced.a(mbops.o)
 .text.libc.__SEGGER_RTL_ascii_toupper
                0x0001ef64        0xc C:/Program Files/SEGGER/SEGGER Embedded Studio 8.26b/lib/mbops_timeops_v7em_t_le_eabi_balanced.a(mbops.o)
 .text.libc.__SEGGER_RTL_ascii_tolower
                0x0001ef70        0xc C:/Program Files/SEGGER/SEGGER Embedded Studio 8.26b/lib/mbops_timeops_v7em_t_le_eabi_balanced.a(mbops.o)
 .text.libc.__SEGGER_RTL_ascii_iswctype
                0x0001ef7c       0x20 C:/Program Files/SEGGER/SEGGER Embedded Studio 8.26b/lib/mbops_timeops_v7em_t_le_eabi_balanced.a(mbops.o)
 .text.libc.__SEGGER_RTL_ascii_towupper
                0x0001ef9c        0xc C:/Program Files/SEGGER/SEGGER Embedded Studio 8.26b/lib/mbops_timeops_v7em_t_le_eabi_balanced.a(mbops.o)
 .text.libc.__SEGGER_RTL_ascii_towlower
                0x0001efa8        0xc C:/Program Files/SEGGER/SEGGER Embedded Studio 8.26b/lib/mbops_timeops_v7em_t_le_eabi_balanced.a(mbops.o)
                0x0001efb4                        __text_end__ = (__text_start__ + SIZEOF (.text))
                0x00005bb8                        __text_size__ = SIZEOF (.text)
                0x0001efb4                        __text_load_end__ = __text_end__

.vfp11_veneer   0x00000000        0x0
 .vfp11_veneer  0x00000000        0x0 linker stubs

.v4_bx          0x00000000        0x0
 .v4_bx         0x00000000        0x0 linker stubs

.iplt           0x00000000        0x0
 .iplt          0x00000000        0x0 Output/Release/Obj/ble_app_uart_pca10040e_s112/thumb_crt0.o
                0x00000001                        . = ASSERT (((__text_start__ == __text_end__) || ((__text_end__ - __FLASH1_segment_start__) <= __FLASH1_segment_size__)), error: .text is too large to fit in FLASH1 memory segment)
                0x0001efb4                        __sdh_soc_observers_load_start__ = ALIGN (__text_end__, 0x4)

.sdh_soc_observers
                0x0001efb4        0x8
                0x0001efb4                        __sdh_soc_observers_start__ = .
                0x0001efb4                        __start_sdh_soc_observers = __sdh_soc_observers_start__
 *(SORT_BY_NAME(.sdh_soc_observers*))
 .sdh_soc_observers0
                0x0001efb4        0x8 Output/Release/Obj/ble_app_uart_pca10040e_s112/nrf_drv_clock.o
                0x0001efbc                        __sdh_soc_observers_end__ = (__sdh_soc_observers_start__ + SIZEOF (.sdh_soc_observers))
                0x00000008                        __sdh_soc_observers_size__ = SIZEOF (.sdh_soc_observers)
                0x0001efbc                        __stop_sdh_soc_observers = __sdh_soc_observers_end__
                0x0001efbc                        __sdh_soc_observers_load_end__ = __sdh_soc_observers_end__
                0x00000001                        . = ASSERT (((__sdh_soc_observers_start__ == __sdh_soc_observers_end__) || ((__sdh_soc_observers_end__ - __FLASH1_segment_start__) <= __FLASH1_segment_size__)), error: .sdh_soc_observers is too large to fit in FLASH1 memory segment)
                0x0001efbc                        __sdh_ble_observers_load_start__ = ALIGN (__sdh_soc_observers_end__, 0x4)

.sdh_ble_observers
                0x0001efbc       0x40
                0x0001efbc                        __sdh_ble_observers_start__ = .
                0x0001efbc                        __start_sdh_ble_observers = __sdh_ble_observers_start__
 *(SORT_BY_NAME(.sdh_ble_observers*))
 .sdh_ble_observers0
                0x0001efbc        0x8 Output/Release/Obj/ble_app_uart_pca10040e_s112/ble_conn_state.o
 .sdh_ble_observers1
                0x0001efc4        0x8 Output/Release/Obj/ble_app_uart_pca10040e_s112/bsp_btn_ble.o
 .sdh_ble_observers1
                0x0001efcc       0x10 Output/Release/Obj/ble_app_uart_pca10040e_s112/main.o
 .sdh_ble_observers1
                0x0001efdc        0x8 Output/Release/Obj/ble_app_uart_pca10040e_s112/ble_conn_params.o
 .sdh_ble_observers2
                0x0001efe4       0x10 Output/Release/Obj/ble_app_uart_pca10040e_s112/main.o
 .sdh_ble_observers3
                0x0001eff4        0x8 Output/Release/Obj/ble_app_uart_pca10040e_s112/main.o
                0x0001effc                        __sdh_ble_observers_end__ = (__sdh_ble_observers_start__ + SIZEOF (.sdh_ble_observers))
                0x00000040                        __sdh_ble_observers_size__ = SIZEOF (.sdh_ble_observers)
                0x0001effc                        __stop_sdh_ble_observers = __sdh_ble_observers_end__
                0x0001effc                        __sdh_ble_observers_load_end__ = __sdh_ble_observers_end__
                0x00000001                        . = ASSERT (((__sdh_ble_observers_start__ == __sdh_ble_observers_end__) || ((__sdh_ble_observers_end__ - __FLASH1_segment_start__) <= __FLASH1_segment_size__)), error: .sdh_ble_observers is too large to fit in FLASH1 memory segment)
                0x0001effc                        __pwr_mgmt_data_load_start__ = ALIGN (__sdh_ble_observers_end__, 0x4)

.pwr_mgmt_data  0x0001effc        0x0
                0x0001effc                        __pwr_mgmt_data_start__ = .
                0x0001effc                        __start_pwr_mgmt_data = __pwr_mgmt_data_start__
 *(SORT_BY_NAME(.pwr_mgmt_data*))
                0x0001effc                        __pwr_mgmt_data_end__ = (__pwr_mgmt_data_start__ + SIZEOF (.pwr_mgmt_data))
                0x00000000                        __pwr_mgmt_data_size__ = SIZEOF (.pwr_mgmt_data)
                0x0001effc                        __stop_pwr_mgmt_data = __pwr_mgmt_data_end__
                0x0001effc                        __pwr_mgmt_data_load_end__ = __pwr_mgmt_data_end__
                0x00000001                        . = ASSERT (((__pwr_mgmt_data_start__ == __pwr_mgmt_data_end__) || ((__pwr_mgmt_data_end__ - __FLASH1_segment_start__) <= __FLASH1_segment_size__)), error: .pwr_mgmt_data is too large to fit in FLASH1 memory segment)
                0x0001effc                        __sdh_req_observers_load_start__ = ALIGN (__pwr_mgmt_data_end__, 0x4)

.sdh_req_observers
                0x0001effc        0x0
                0x0001effc                        __sdh_req_observers_start__ = .
                0x0001effc                        __start_sdh_req_observers = __sdh_req_observers_start__
 *(SORT_BY_NAME(.sdh_req_observers*))
                0x0001effc                        __sdh_req_observers_end__ = (__sdh_req_observers_start__ + SIZEOF (.sdh_req_observers))
                0x00000000                        __sdh_req_observers_size__ = SIZEOF (.sdh_req_observers)
                0x0001effc                        __stop_sdh_req_observers = __sdh_req_observers_end__
                0x0001effc                        __sdh_req_observers_load_end__ = __sdh_req_observers_end__
                0x00000001                        . = ASSERT (((__sdh_req_observers_start__ == __sdh_req_observers_end__) || ((__sdh_req_observers_end__ - __FLASH1_segment_start__) <= __FLASH1_segment_size__)), error: .sdh_req_observers is too large to fit in FLASH1 memory segment)
                0x0001effc                        __sdh_state_observers_load_start__ = ALIGN (__sdh_req_observers_end__, 0x4)

.sdh_state_observers
                0x0001effc        0x8
                0x0001effc                        __sdh_state_observers_start__ = .
                0x0001effc                        __start_sdh_state_observers = __sdh_state_observers_start__
 *(SORT_BY_NAME(.sdh_state_observers*))
 .sdh_state_observers0
                0x0001effc        0x8 Output/Release/Obj/ble_app_uart_pca10040e_s112/nrf_drv_clock.o
                0x0001f004                        __sdh_state_observers_end__ = (__sdh_state_observers_start__ + SIZEOF (.sdh_state_observers))
                0x00000008                        __sdh_state_observers_size__ = SIZEOF (.sdh_state_observers)
                0x0001f004                        __stop_sdh_state_observers = __sdh_state_observers_end__
                0x0001f004                        __sdh_state_observers_load_end__ = __sdh_state_observers_end__
                0x00000001                        . = ASSERT (((__sdh_state_observers_start__ == __sdh_state_observers_end__) || ((__sdh_state_observers_end__ - __FLASH1_segment_start__) <= __FLASH1_segment_size__)), error: .sdh_state_observers is too large to fit in FLASH1 memory segment)
                0x0001f004                        __sdh_stack_observers_load_start__ = ALIGN (__sdh_state_observers_end__, 0x4)

.sdh_stack_observers
                0x0001f004       0x10
                0x0001f004                        __sdh_stack_observers_start__ = .
                0x0001f004                        __start_sdh_stack_observers = __sdh_stack_observers_start__
 *(SORT_BY_NAME(.sdh_stack_observers*))
 .sdh_stack_observers0
                0x0001f004        0x8 Output/Release/Obj/ble_app_uart_pca10040e_s112/nrf_sdh_ble.o
 .sdh_stack_observers0
                0x0001f00c        0x8 Output/Release/Obj/ble_app_uart_pca10040e_s112/nrf_sdh_soc.o
                0x0001f014                        __sdh_stack_observers_end__ = (__sdh_stack_observers_start__ + SIZEOF (.sdh_stack_observers))
                0x00000010                        __sdh_stack_observers_size__ = SIZEOF (.sdh_stack_observers)
                0x0001f014                        __stop_sdh_stack_observers = __sdh_stack_observers_end__
                0x0001f014                        __sdh_stack_observers_load_end__ = __sdh_stack_observers_end__
                0x00000001                        . = ASSERT (((__sdh_stack_observers_start__ == __sdh_stack_observers_end__) || ((__sdh_stack_observers_end__ - __FLASH1_segment_start__) <= __FLASH1_segment_size__)), error: .sdh_stack_observers is too large to fit in FLASH1 memory segment)
                0x0001f014                        __nrf_queue_load_start__ = ALIGN (__sdh_stack_observers_end__, 0x4)

.nrf_queue      0x0001f014        0x0
                0x0001f014                        __nrf_queue_start__ = .
                0x0001f014                        __start_nrf_queue = __nrf_queue_start__
 *(.nrf_queue*)
                0x0001f014                        __nrf_queue_end__ = (__nrf_queue_start__ + SIZEOF (.nrf_queue))
                0x00000000                        __nrf_queue_size__ = SIZEOF (.nrf_queue)
                0x0001f014                        __stop_nrf_queue = __nrf_queue_end__
                0x0001f014                        __nrf_queue_load_end__ = __nrf_queue_end__
                0x00000001                        . = ASSERT (((__nrf_queue_start__ == __nrf_queue_end__) || ((__nrf_queue_end__ - __FLASH1_segment_start__) <= __FLASH1_segment_size__)), error: .nrf_queue is too large to fit in FLASH1 memory segment)
                0x0001f014                        __nrf_balloc_load_start__ = ALIGN (__nrf_queue_end__, 0x4)

.nrf_balloc     0x0001f014       0x14
                0x0001f014                        __nrf_balloc_start__ = .
                0x0001f014                        __start_nrf_balloc = __nrf_balloc_start__
 *(.nrf_balloc*)
 .nrf_balloc    0x0001f014       0x14 Output/Release/Obj/ble_app_uart_pca10040e_s112/nrf_log_frontend.o
                0x0001f014                log_mempool
                0x0001f028                        __nrf_balloc_end__ = (__nrf_balloc_start__ + SIZEOF (.nrf_balloc))
                0x00000014                        __nrf_balloc_size__ = SIZEOF (.nrf_balloc)
                0x0001f028                        __stop_nrf_balloc = __nrf_balloc_end__
                0x0001f028                        __nrf_balloc_load_end__ = __nrf_balloc_end__
                0x00000001                        . = ASSERT (((__nrf_balloc_start__ == __nrf_balloc_end__) || ((__nrf_balloc_end__ - __FLASH1_segment_start__) <= __FLASH1_segment_size__)), error: .nrf_balloc is too large to fit in FLASH1 memory segment)
                0x0001f028                        __cli_command_load_start__ = ALIGN (__nrf_balloc_end__, 0x4)

.cli_command    0x0001f028        0x0
                0x0001f028                        __cli_command_start__ = .
                0x0001f028                        __start_cli_command = __cli_command_start__
 *(.cli_command*)
                0x0001f028                        __cli_command_end__ = (__cli_command_start__ + SIZEOF (.cli_command))
                0x00000000                        __cli_command_size__ = SIZEOF (.cli_command)
                0x0001f028                        __stop_cli_command = __cli_command_end__
                0x0001f028                        __cli_command_load_end__ = __cli_command_end__
                0x00000001                        . = ASSERT (((__cli_command_start__ == __cli_command_end__) || ((__cli_command_end__ - __FLASH1_segment_start__) <= __FLASH1_segment_size__)), error: .cli_command is too large to fit in FLASH1 memory segment)
                0x0001f028                        __crypto_data_load_start__ = ALIGN (__cli_command_end__, 0x4)

.crypto_data    0x0001f028        0x0
                0x0001f028                        __crypto_data_start__ = .
                0x0001f028                        __start_crypto_data = __crypto_data_start__
 *(SORT_BY_NAME(.crypto_data*))
                0x0001f028                        __crypto_data_end__ = (__crypto_data_start__ + SIZEOF (.crypto_data))
                0x00000000                        __crypto_data_size__ = SIZEOF (.crypto_data)
                0x0001f028                        __stop_crypto_data = __crypto_data_end__
                0x0001f028                        __crypto_data_load_end__ = __crypto_data_end__
                0x00000001                        . = ASSERT (((__crypto_data_start__ == __crypto_data_end__) || ((__crypto_data_end__ - __FLASH1_segment_start__) <= __FLASH1_segment_size__)), error: .crypto_data is too large to fit in FLASH1 memory segment)
                0x0001f028                        __log_const_data_load_start__ = ALIGN (__crypto_data_end__, 0x4)

.log_const_data
                0x0001f028       0x80
                0x0001f028                        __log_const_data_start__ = .
                0x0001f028                        __start_log_const_data = __log_const_data_start__
 *(SORT_BY_NAME(.log_const_data*))
 .log_const_data_CLOCK
                0x0001f028        0x8 Output/Release/Obj/ble_app_uart_pca10040e_s112/nrfx_clock.o
                0x0001f028                m_nrf_log_CLOCK_logs_data_const
 .log_const_data_GPIOTE
                0x0001f030        0x8 Output/Release/Obj/ble_app_uart_pca10040e_s112/nrfx_gpiote.o
                0x0001f030                m_nrf_log_GPIOTE_logs_data_const
 .log_const_data_PRS
                0x0001f038        0x8 Output/Release/Obj/ble_app_uart_pca10040e_s112/nrfx_prs.o
                0x0001f038                m_nrf_log_PRS_logs_data_const
 .log_const_data_UART
                0x0001f040        0x8 Output/Release/Obj/ble_app_uart_pca10040e_s112/nrfx_uart.o
                0x0001f040                m_nrf_log_UART_logs_data_const
 .log_const_data_UARTE
                0x0001f048        0x8 Output/Release/Obj/ble_app_uart_pca10040e_s112/nrfx_uarte.o
                0x0001f048                m_nrf_log_UARTE_logs_data_const
 .log_const_data_app
                0x0001f050        0x8 Output/Release/Obj/ble_app_uart_pca10040e_s112/nrf_log_frontend.o
                0x0001f050                m_nrf_log_app_logs_data_const
 .log_const_data_app_button
                0x0001f058        0x8 Output/Release/Obj/ble_app_uart_pca10040e_s112/app_button.o
                0x0001f058                m_nrf_log_app_button_logs_data_const
 .log_const_data_app_timer
                0x0001f060        0x8 Output/Release/Obj/ble_app_uart_pca10040e_s112/app_timer2.o
                0x0001f060                m_nrf_log_app_timer_logs_data_const
 .log_const_data_ble_nus
                0x0001f068        0x8 Output/Release/Obj/ble_app_uart_pca10040e_s112/ble_nus.o
                0x0001f068                m_nrf_log_ble_nus_logs_data_const
 .log_const_data_clock
                0x0001f070        0x8 Output/Release/Obj/ble_app_uart_pca10040e_s112/nrf_drv_clock.o
                0x0001f070                m_nrf_log_clock_logs_data_const
 .log_const_data_nrf_ble_gatt
                0x0001f078        0x8 Output/Release/Obj/ble_app_uart_pca10040e_s112/nrf_ble_gatt.o
                0x0001f078                m_nrf_log_nrf_ble_gatt_logs_data_const
 .log_const_data_nrf_sdh
                0x0001f080        0x8 Output/Release/Obj/ble_app_uart_pca10040e_s112/nrf_sdh.o
                0x0001f080                m_nrf_log_nrf_sdh_logs_data_const
 .log_const_data_nrf_sdh_ble
                0x0001f088        0x8 Output/Release/Obj/ble_app_uart_pca10040e_s112/nrf_sdh_ble.o
                0x0001f088                m_nrf_log_nrf_sdh_ble_logs_data_const
 .log_const_data_nrf_sdh_soc
                0x0001f090        0x8 Output/Release/Obj/ble_app_uart_pca10040e_s112/nrf_sdh_soc.o
                0x0001f090                m_nrf_log_nrf_sdh_soc_logs_data_const
 .log_const_data_pwr_mgmt
                0x0001f098        0x8 Output/Release/Obj/ble_app_uart_pca10040e_s112/nrf_pwr_mgmt.o
                0x0001f098                m_nrf_log_pwr_mgmt_logs_data_const
 .log_const_data_sortlist
                0x0001f0a0        0x8 Output/Release/Obj/ble_app_uart_pca10040e_s112/nrf_sortlist.o
                0x0001f0a0                m_nrf_log_sortlist_logs_data_const
                0x0001f0a8                        __log_const_data_end__ = (__log_const_data_start__ + SIZEOF (.log_const_data))
                0x00000080                        __log_const_data_size__ = SIZEOF (.log_const_data)
                0x0001f0a8                        __stop_log_const_data = __log_const_data_end__
                0x0001f0a8                        __log_const_data_load_end__ = __log_const_data_end__
                0x00000001                        . = ASSERT (((__log_const_data_start__ == __log_const_data_end__) || ((__log_const_data_end__ - __FLASH1_segment_start__) <= __FLASH1_segment_size__)), error: .log_const_data is too large to fit in FLASH1 memory segment)
                0x0001f0a8                        __log_backends_load_start__ = ALIGN (__log_const_data_end__, 0x4)

.log_backends   0x0001f0a8       0x10
                0x0001f0a8                        __log_backends_start__ = .
                0x0001f0a8                        __start_log_backends = __log_backends_start__
 *(SORT_BY_NAME(.log_backends*))
 .log_backends  0x0001f0a8       0x10 Output/Release/Obj/ble_app_uart_pca10040e_s112/nrf_log_default_backends.o
                0x0001f0b8                        __log_backends_end__ = (__log_backends_start__ + SIZEOF (.log_backends))
                0x00000010                        __log_backends_size__ = SIZEOF (.log_backends)
                0x0001f0b8                        __stop_log_backends = __log_backends_end__
                0x0001f0b8                        __log_backends_load_end__ = __log_backends_end__
                0x00000001                        . = ASSERT (((__log_backends_start__ == __log_backends_end__) || ((__log_backends_end__ - __FLASH1_segment_start__) <= __FLASH1_segment_size__)), error: .log_backends is too large to fit in FLASH1 memory segment)
                0x0001f0b8                        __nrf_sections_load_start__ = ALIGN (__log_backends_end__, 0x4)

.nrf_sections   0x0001f0b8        0x0
                0x0001f0b8                        __nrf_sections_start__ = .
                0x0001f0b8                        __start_nrf_sections = __nrf_sections_start__
 *(.nrf_sections .nrf_sections.*)
                0x0001f0b8                        __nrf_sections_end__ = (__nrf_sections_start__ + SIZEOF (.nrf_sections))
                0x00000000                        __nrf_sections_size__ = SIZEOF (.nrf_sections)
                0x0001f0b8                        __nrf_sections_load_end__ = __nrf_sections_end__
                0x00000001                        . = ASSERT (((__nrf_sections_start__ == __nrf_sections_end__) || ((__nrf_sections_end__ - __FLASH1_segment_start__) <= __FLASH1_segment_size__)), error: .nrf_sections is too large to fit in FLASH1 memory segment)
                0x0001f0b8                        __cli_sorted_cmd_ptrs_load_start__ = ALIGN (__nrf_sections_end__, 0x4)

.cli_sorted_cmd_ptrs
                0x200022c8        0x0 load address 0x0001f0b8
                0x200022c8                        __cli_sorted_cmd_ptrs_start__ = .
 *(.cli_sorted_cmd_ptrs*)
                0x200022c8                        __cli_sorted_cmd_ptrs_end__ = (__cli_sorted_cmd_ptrs_start__ + SIZEOF (.cli_sorted_cmd_ptrs))
                0x00000000                        __cli_sorted_cmd_ptrs_size__ = SIZEOF (.cli_sorted_cmd_ptrs)
                0x0001f0b8                        __cli_sorted_cmd_ptrs_load_end__ = (__cli_sorted_cmd_ptrs_load_start__ + SIZEOF (.cli_sorted_cmd_ptrs))
                0x00000001                        . = ASSERT (((__cli_sorted_cmd_ptrs_load_start__ == __cli_sorted_cmd_ptrs_load_end__) || ((__cli_sorted_cmd_ptrs_load_end__ - __FLASH1_segment_start__) <= __FLASH1_segment_size__)), error: .cli_sorted_cmd_ptrs is too large to fit in FLASH1 memory segment)

.cli_sorted_cmd_ptrs_run
                0x200022c8        0x0
                0x200022c8                        __cli_sorted_cmd_ptrs_run_start__ = .
                0x200022c8                        __start_cli_sorted_cmd_ptrs = __cli_sorted_cmd_ptrs_run_start__
                0x200022c8                        __cli_sorted_cmd_ptrs_run_end__ = (__cli_sorted_cmd_ptrs_run_start__ + SIZEOF (.cli_sorted_cmd_ptrs))
                0x00000000                        __cli_sorted_cmd_ptrs_run_size__ = (__cli_sorted_cmd_ptrs_run_end__ - __cli_sorted_cmd_ptrs_run_start__)
                0x200022c8                        __stop_cli_sorted_cmd_ptrs = __cli_sorted_cmd_ptrs_run_end__
                0x200022c8                        __cli_sorted_cmd_ptrs_run_load_end__ = __cli_sorted_cmd_ptrs_run_end__
                0x00000001                        . = ASSERT (((__cli_sorted_cmd_ptrs_run_start__ == __cli_sorted_cmd_ptrs_run_end__) || ((__cli_sorted_cmd_ptrs_run_end__ - __RAM1_segment_start__) <= __RAM1_segment_size__)), error: .cli_sorted_cmd_ptrs_run is too large to fit in RAM1 memory segment)
                0x0001f0b8                        __fs_data_load_start__ = ALIGN ((__cli_sorted_cmd_ptrs_load_start__ + SIZEOF (.cli_sorted_cmd_ptrs)), 0x4)

.fs_data        0x200022c8        0x0 load address 0x0001f0b8
                0x200022c8                        __fs_data_start__ = .
 *(.fs_data*)
                0x200022c8                        __fs_data_end__ = (__fs_data_start__ + SIZEOF (.fs_data))
                0x00000000                        __fs_data_size__ = SIZEOF (.fs_data)
                0x0001f0b8                        __fs_data_load_end__ = (__fs_data_load_start__ + SIZEOF (.fs_data))
                0x00000001                        . = ASSERT (((__fs_data_load_start__ == __fs_data_load_end__) || ((__fs_data_load_end__ - __FLASH1_segment_start__) <= __FLASH1_segment_size__)), error: .fs_data is too large to fit in FLASH1 memory segment)

.fs_data_run    0x200022c8        0x0
                0x200022c8                        __fs_data_run_start__ = .
                0x200022c8                        __start_fs_data = __fs_data_run_start__
                0x200022c8                        __fs_data_run_end__ = (__fs_data_run_start__ + SIZEOF (.fs_data))
                0x00000000                        __fs_data_run_size__ = (__fs_data_run_end__ - __fs_data_run_start__)
                0x200022c8                        __stop_fs_data = __fs_data_run_end__
                0x200022c8                        __fs_data_run_load_end__ = __fs_data_run_end__
                0x00000001                        . = ASSERT (((__fs_data_run_start__ == __fs_data_run_end__) || ((__fs_data_run_end__ - __RAM1_segment_start__) <= __RAM1_segment_size__)), error: .fs_data_run is too large to fit in RAM1 memory segment)
                0x0001f0b8                        __log_dynamic_data_load_start__ = ALIGN ((__fs_data_load_start__ + SIZEOF (.fs_data)), 0x4)

.log_dynamic_data
                0x200022c8        0x0 load address 0x0001f0b8
                0x200022c8                        __log_dynamic_data_start__ = .
 *(SORT_BY_NAME(.log_dynamic_data*))
                0x200022c8                        __log_dynamic_data_end__ = (__log_dynamic_data_start__ + SIZEOF (.log_dynamic_data))
                0x00000000                        __log_dynamic_data_size__ = SIZEOF (.log_dynamic_data)
                0x0001f0b8                        __log_dynamic_data_load_end__ = (__log_dynamic_data_load_start__ + SIZEOF (.log_dynamic_data))
                0x00000001                        . = ASSERT (((__log_dynamic_data_load_start__ == __log_dynamic_data_load_end__) || ((__log_dynamic_data_load_end__ - __FLASH1_segment_start__) <= __FLASH1_segment_size__)), error: .log_dynamic_data is too large to fit in FLASH1 memory segment)

.log_dynamic_data_run
                0x200022c8        0x0
                0x200022c8                        __log_dynamic_data_run_start__ = .
                0x200022c8                        __start_log_dynamic_data = __log_dynamic_data_run_start__
                0x200022c8                        __log_dynamic_data_run_end__ = (__log_dynamic_data_run_start__ + SIZEOF (.log_dynamic_data))
                0x00000000                        __log_dynamic_data_run_size__ = (__log_dynamic_data_run_end__ - __log_dynamic_data_run_start__)
                0x200022c8                        __stop_log_dynamic_data = __log_dynamic_data_run_end__
                0x200022c8                        __log_dynamic_data_run_load_end__ = __log_dynamic_data_run_end__
                0x00000001                        . = ASSERT (((__log_dynamic_data_run_start__ == __log_dynamic_data_run_end__) || ((__log_dynamic_data_run_end__ - __RAM1_segment_start__) <= __RAM1_segment_size__)), error: .log_dynamic_data_run is too large to fit in RAM1 memory segment)
                0x0001f0b8                        __log_filter_data_load_start__ = ALIGN ((__log_dynamic_data_load_start__ + SIZEOF (.log_dynamic_data)), 0x4)

.log_filter_data
                0x200022c8        0x0 load address 0x0001f0b8
                0x200022c8                        __log_filter_data_start__ = .
 *(SORT_BY_NAME(.log_filter_data*))
                0x200022c8                        __log_filter_data_end__ = (__log_filter_data_start__ + SIZEOF (.log_filter_data))
                0x00000000                        __log_filter_data_size__ = SIZEOF (.log_filter_data)
                0x0001f0b8                        __log_filter_data_load_end__ = (__log_filter_data_load_start__ + SIZEOF (.log_filter_data))
                0x00000001                        . = ASSERT (((__log_filter_data_load_start__ == __log_filter_data_load_end__) || ((__log_filter_data_load_end__ - __FLASH1_segment_start__) <= __FLASH1_segment_size__)), error: .log_filter_data is too large to fit in FLASH1 memory segment)

.log_filter_data_run
                0x200022c8        0x0
                0x200022c8                        __log_filter_data_run_start__ = .
                0x200022c8                        __start_log_filter_data = __log_filter_data_run_start__
                0x200022c8                        __log_filter_data_run_end__ = (__log_filter_data_run_start__ + SIZEOF (.log_filter_data))
                0x00000000                        __log_filter_data_run_size__ = (__log_filter_data_run_end__ - __log_filter_data_run_start__)
                0x200022c8                        __stop_log_filter_data = __log_filter_data_run_end__
                0x200022c8                        __log_filter_data_run_load_end__ = __log_filter_data_run_end__
                0x00000001                        . = ASSERT (((__log_filter_data_run_start__ == __log_filter_data_run_end__) || ((__log_filter_data_run_end__ - __RAM1_segment_start__) <= __RAM1_segment_size__)), error: .log_filter_data_run is too large to fit in RAM1 memory segment)
                0x200022c8                        __nrf_sections_run_end_load_start__ = ALIGN (__log_filter_data_run_end__, 0x4)

.nrf_sections_run_end
                0x200022c8        0x0
                0x200022c8                        __nrf_sections_run_end_start__ = .
                0x200022c8                        __end_nrf_sections_run = __nrf_sections_run_end_start__
 *(.nrf_sections_run_end .nrf_sections_run_end.*)
                0x200022c8                        __nrf_sections_run_end_end__ = (__nrf_sections_run_end_start__ + SIZEOF (.nrf_sections_run_end))
                0x00000000                        __nrf_sections_run_end_size__ = SIZEOF (.nrf_sections_run_end)
                0x200022c8                        __nrf_sections_run_end_load_end__ = __nrf_sections_run_end_end__
                0x00000001                        . = ASSERT (((__nrf_sections_run_end_start__ == __nrf_sections_run_end_end__) || ((__nrf_sections_run_end_end__ - __RAM1_segment_start__) <= __RAM1_segment_size__)), error: .nrf_sections_run_end is too large to fit in RAM1 memory segment)
                0x0001f0b8                        __dtors_load_start__ = ALIGN ((__log_filter_data_load_start__ + SIZEOF (.log_filter_data)), 0x4)

.dtors          0x0001f0b8        0x0
                0x0001f0b8                        __dtors_start__ = .
 *(SORT_BY_NAME(.dtors.*))
 *(.dtors)
 *(.fini_array)
 *(SORT_BY_NAME(.fini_array.*))
                0x0001f0b8                        __dtors_end__ = (__dtors_start__ + SIZEOF (.dtors))
                0x00000000                        __dtors_size__ = SIZEOF (.dtors)
                0x0001f0b8                        __dtors_load_end__ = __dtors_end__
                0x00000001                        . = ASSERT (((__dtors_start__ == __dtors_end__) || ((__dtors_end__ - __FLASH1_segment_start__) <= __FLASH1_segment_size__)), error: .dtors is too large to fit in FLASH1 memory segment)
                0x0001f0b8                        __ctors_load_start__ = ALIGN (__dtors_end__, 0x4)

.ctors          0x0001f0b8        0x0
                0x0001f0b8                        __ctors_start__ = .
 *(SORT_BY_NAME(.ctors.*))
 *(.ctors)
 *(.init_array)
 *(SORT_BY_NAME(.init_array.*))
                0x0001f0b8                        __ctors_end__ = (__ctors_start__ + SIZEOF (.ctors))
                0x00000000                        __ctors_size__ = SIZEOF (.ctors)
                0x0001f0b8                        __ctors_load_end__ = __ctors_end__
                0x00000001                        . = ASSERT (((__ctors_start__ == __ctors_end__) || ((__ctors_end__ - __FLASH1_segment_start__) <= __FLASH1_segment_size__)), error: .ctors is too large to fit in FLASH1 memory segment)
                0x0001f0b8                        __rodata_load_start__ = ALIGN (__ctors_end__, 0x4)

.rodata         0x0001f0b8     0x1135
                0x0001f0b8                        __rodata_start__ = .
 *(.rodata .rodata.* .gnu.linkonce.r.* .data.rel.ro .data.rel.ro.*)
 *fill*         0x0001f0b8        0x8 
 .rodata.delay_machine_code.0
                0x0001f0c0        0x6 Output/Release/Obj/ble_app_uart_pca10040e_s112/nrf_log_backend_rtt.o
 *fill*         0x0001f0c6        0x2 
 .rodata.nrf_log_backend_rtt_api
                0x0001f0c8        0xc Output/Release/Obj/ble_app_uart_pca10040e_s112/nrf_log_backend_rtt.o
                0x0001f0c8                nrf_log_backend_rtt_api
 .rodata.str1.1
                0x0001f0d4      0xc79 Output/Release/Obj/ble_app_uart_pca10040e_s112/nrf_log_default_backends.o
                                 0x10 (size before relaxing)
 .rodata.nrf_log_frontend_dequeue.str1.1
                0x0001fd4d       0x11 Output/Release/Obj/ble_app_uart_pca10040e_s112/nrf_log_frontend.o
 .rodata.str1.1
                0x0001fd4d        0x4 Output/Release/Obj/ble_app_uart_pca10040e_s112/nrf_log_frontend.o
 *fill*         0x0001fd4d        0x3 
 .rodata.m_log_push_ringbuf
                0x0001fd50        0xc Output/Release/Obj/ble_app_uart_pca10040e_s112/nrf_log_frontend.o
 .rodata.postfix_process.str1.1
                0x0001fd5c        0xb Output/Release/Obj/ble_app_uart_pca10040e_s112/nrf_log_str_formatter.o
 .rodata.prefix_process.constprop.0.str1.1
                0x0001fd5c       0x2a Output/Release/Obj/ble_app_uart_pca10040e_s112/nrf_log_str_formatter.o
 .rodata.nrf_log_hexdump_entry_process.str1.1
                0x0001fd5c       0x11 Output/Release/Obj/ble_app_uart_pca10040e_s112/nrf_log_str_formatter.o
 .rodata.str1.1
                0x0001fd5c       0x51 Output/Release/Obj/ble_app_uart_pca10040e_s112/nrf_log_str_formatter.o
 .rodata.m_colors
                0x0001fd5c       0x24 Output/Release/Obj/ble_app_uart_pca10040e_s112/nrf_log_str_formatter.o
 .rodata.severity_names